
[1/22] australian-terrier
  generating 4 images for australian-terrier...
[01-adult-portrait] submitting
[02-grooming] submitting
[03-lifestyle] submitting
[04-puppy] submitting
  FAIL australian-terrier: HTTP 403 https://queue.fal.run/fal-ai/nano-banana-pro: {"detail":"User is locked. Reason: Exhausted balance. Top up your balance at fal.ai/dashboard/billing."}

[2/22] beauceron
  generating 4 images for beauceron...
[01-adult-portrait] submitting
[02-grooming] submitting
[03-lifestyle] submitting
[04-puppy] submitting
[01-adult-portrait] request_id=019ddff9-4458-7343-abbf-d33ce027aa81
  [01-adult-portrait] IN_PROGRESS ...
  [01-adult-portrait] IN_PROGRESS ...
  [01-adult-portrait] IN_PROGRESS ...
  [01-adult-portrait] IN_PROGRESS ...
  [01-adult-portrait] IN_PROGRESS ...
  [01-adult-portrait] IN_PROGRESS ...
  [01-adult-portrait] IN_PROGRESS ...
[01-adult-portrait] saved -> C:\Users\kailu\Claude_Projects\wooffy-dog-breeds\sample-images\beauceron\01-adult-portrait.png
  FAIL beauceron: HTTP 403 https://queue.fal.run/fal-ai/nano-banana-pro: {"detail":"User is locked. Reason: Exhausted balance. Top up your balance at fal.ai/dashboard/billing."}

[3/22] coton-de-tulear
  generating 4 images for coton-de-tulear...
[01-adult-portrait] submitting
[02-grooming] submitting
[03-lifestyle] submitting
[04-puppy] submitting
  FAIL coton-de-tulear: HTTP 403 https://queue.fal.run/fal-ai/nano-banana-pro: {"detail":"User is locked. Reason: Exhausted balance. Top up your balance at fal.ai/dashboard/billing."}

[4/22] pekingese
  generating 4 images for pekingese...
[01-adult-portrait] submitting
[02-grooming] submitting
[03-lifestyle] submitting
[04-puppy] submitting
[03-lifestyle] request_id=019ddff9-bcb7-7af3-a6a8-43e022dd62ab
[02-grooming] request_id=019ddff9-bcbb-7af3-9caa-b9a7bf644fef
[04-puppy] request_id=019ddff9-bcbd-7911-97dc-3fda200c1e7d
  [04-puppy] IN_QUEUE ...
  [02-grooming] IN_PROGRESS ...
  [03-lifestyle] IN_PROGRESS ...
  [02-grooming] IN_PROGRESS ...
  [04-puppy] IN_PROGRESS ...
  [03-lifestyle] IN_PROGRESS ...
  [02-grooming] IN_PROGRESS ...
  [04-puppy] IN_PROGRESS ...
  [03-lifestyle] IN_PROGRESS ...
  [02-grooming] IN_PROGRESS ...
  [04-puppy] IN_PROGRESS ...
  [03-lifestyle] IN_PROGRESS ...
  [02-grooming] IN_PROGRESS ...
  [03-lifestyle] IN_PROGRESS ...
  [04-puppy] IN_PROGRESS ...
  [02-grooming] IN_PROGRESS ...
  [03-lifestyle] IN_PROGRESS ...
  [04-puppy] IN_PROGRESS ...
  [02-grooming] IN_PROGRESS ...
  [03-lifestyle] IN_PROGRESS ...
[04-puppy] saved -> C:\Users\kailu\Claude_Projects\wooffy-dog-breeds\sample-images\pekingese\04-puppy.png
  [02-grooming] IN_PROGRESS ...
  [03-lifestyle] IN_PROGRESS ...
  [02-grooming] IN_PROGRESS ...
[03-lifestyle] saved -> C:\Users\kailu\Claude_Projects\wooffy-dog-breeds\sample-images\pekingese\03-lifestyle.png
[02-grooming] saved -> C:\Users\kailu\Claude_Projects\wooffy-dog-breeds\sample-images\pekingese\02-grooming.png
  FAIL pekingese: HTTP 403 https://queue.fal.run/fal-ai/nano-banana-pro: {"detail":"User is locked. Reason: Exhausted balance. Top up your balance at fal.ai/dashboard/billing."}

[5/22] polish-lowland-sheepdog
  generating 4 images for polish-lowland-sheepdog...
[01-adult-portrait] submitting
[02-grooming] submitting
[03-lifestyle] submitting
[04-puppy] submitting
[02-grooming] request_id=019ddffa-60a2-7450-9c35-e369aee200f0
[03-lifestyle] request_id=019ddffa-60a3-7e51-bdad-8b0d3b2b1b36
  [02-grooming] IN_QUEUE ...
  [03-lifestyle] IN_QUEUE ...
  [03-lifestyle] IN_PROGRESS ...
  [02-grooming] IN_PROGRESS ...
  [03-lifestyle] IN_PROGRESS ...
  [02-grooming] IN_PROGRESS ...
  [02-grooming] IN_PROGRESS ...
  [03-lifestyle] IN_PROGRESS ...
  [02-grooming] IN_PROGRESS ...
  [03-lifestyle] IN_PROGRESS ...
  [02-grooming] IN_PROGRESS ...
  [03-lifestyle] IN_PROGRESS ...
  [02-grooming] IN_PROGRESS ...
  [03-lifestyle] IN_PROGRESS ...
[02-grooming] saved -> C:\Users\kailu\Claude_Projects\wooffy-dog-breeds\sample-images\polish-lowland-sheepdog\02-grooming.png
[03-lifestyle] saved -> C:\Users\kailu\Claude_Projects\wooffy-dog-breeds\sample-images\polish-lowland-sheepdog\03-lifestyle.png
  FAIL polish-lowland-sheepdog: HTTP 403 https://queue.fal.run/fal-ai/nano-banana-pro: {"detail":"User is locked. Reason: Exhausted balance. Top up your balance at fal.ai/dashboard/billing."}

[6/22] puli
  generating 4 images for puli...
[01-adult-portrait] submitting
[02-grooming] submitting
[03-lifestyle] submitting
[04-puppy] submitting
[01-adult-portrait] request_id=019ddffa-da0b-7681-82a7-7ea12172cb17
[02-grooming] request_id=019ddffa-da10-7463-9e82-c5c4d280daae
[03-lifestyle] request_id=019ddffa-da14-7283-8fee-912814d91050
[04-puppy] request_id=019ddffa-da14-7283-8fee-9119a7f8bad5
  [01-adult-portrait] IN_QUEUE ...
  [02-grooming] IN_QUEUE ...
  [03-lifestyle] IN_QUEUE ...
  [04-puppy] IN_QUEUE ...
  [02-grooming] IN_PROGRESS ...
  [01-adult-portrait] IN_PROGRESS ...
  [03-lifestyle] IN_PROGRESS ...
  [04-puppy] IN_PROGRESS ...
  [01-adult-portrait] IN_PROGRESS ...
  [02-grooming] IN_PROGRESS ...
  [04-puppy] IN_PROGRESS ...
  [03-lifestyle] IN_PROGRESS ...
  [01-adult-portrait] IN_PROGRESS ...
  [04-puppy] IN_PROGRESS ...
  [03-lifestyle] IN_PROGRESS ...
  [02-grooming] IN_PROGRESS ...
  [01-adult-portrait] IN_PROGRESS ...
  [04-puppy] IN_PROGRESS ...
  [03-lifestyle] IN_PROGRESS ...
  [02-grooming] IN_PROGRESS ...
  [01-adult-portrait] IN_PROGRESS ...
  [04-puppy] IN_PROGRESS ...
  [03-lifestyle] IN_PROGRESS ...
  [02-grooming] IN_PROGRESS ...
  [01-adult-portrait] IN_PROGRESS ...
  [04-puppy] IN_PROGRESS ...
  [02-grooming] IN_PROGRESS ...
[03-lifestyle] saved -> C:\Users\kailu\Claude_Projects\wooffy-dog-breeds\sample-images\puli\03-lifestyle.png
  [01-adult-portrait] IN_PROGRESS ...
  [02-grooming] IN_PROGRESS ...
[04-puppy] saved -> C:\Users\kailu\Claude_Projects\wooffy-dog-breeds\sample-images\puli\04-puppy.png
[02-grooming] saved -> C:\Users\kailu\Claude_Projects\wooffy-dog-breeds\sample-images\puli\02-grooming.png
[01-adult-portrait] saved -> C:\Users\kailu\Claude_Projects\wooffy-dog-breeds\sample-images\puli\01-adult-portrait.png
  uploading 03-lifestyle to Shopify Files...
[03-lifestyle.png] staging...
[03-lifestyle.png] registering...
[03-lifestyle.png] polling for CDN URL...
[03-lifestyle.png] -> https://cdn.shopify.com/s/files/1/0554/5253/2790/files/03-lifestyle_2850660c-ec90-45d7-aa64-b5cebaabba35.png?v=1777579290
  uploading 04-puppy to Shopify Files...
[04-puppy.png] staging...
[04-puppy.png] registering...
[04-puppy.png] polling for CDN URL...
[04-puppy.png] -> https://cdn.shopify.com/s/files/1/0554/5253/2790/files/04-puppy_d0221886-7a23-49d1-ba97-195a400a6dab.png?v=1777579293
  uploading 02-grooming to Shopify Files...
[02-grooming.png] staging...
[02-grooming.png] registering...
[02-grooming.png] polling for CDN URL...
[02-grooming.png] -> https://cdn.shopify.com/s/files/1/0554/5253/2790/files/02-grooming_03f99d6b-de1f-47c0-a328-50778c34925b.png?v=1777579297
  uploading 01-adult-portrait to Shopify Files...
[01-adult-portrait.png] staging...
[01-adult-portrait.png] registering...
[01-adult-portrait.png] polling for CDN URL...
[01-adult-portrait.png] -> https://cdn.shopify.com/s/files/1/0554/5253/2790/files/01-adult-portrait_637fdedc-464d-470a-aeb4-b5362701a2da.png?v=1777579301
  ok (155s elapsed, ~413s ETA)

[7/22] redbone-coonhound
  generating 4 images for redbone-coonhound...
[01-adult-portrait] submitting
[02-grooming] submitting
[03-lifestyle] submitting
[04-puppy] submitting
[01-adult-portrait] request_id=019ddffb-a06a-7252-95c1-8ba6118b0263
[03-lifestyle] request_id=019ddffb-a06b-7692-92c0-e6b06cc5f9b4
[04-puppy] request_id=019ddffb-a06b-7830-b4a3-9631508c8cff
[02-grooming] request_id=019ddffb-a06c-7ab0-b0f7-1c5ed346d464
  [04-puppy] IN_QUEUE ...
  [02-grooming] IN_QUEUE ...
  [01-adult-portrait] IN_QUEUE ...
  [03-lifestyle] IN_QUEUE ...
  [02-grooming] IN_PROGRESS ...
  [01-adult-portrait] IN_PROGRESS ...
  [03-lifestyle] IN_PROGRESS ...
  [04-puppy] IN_PROGRESS ...
  [02-grooming] IN_PROGRESS ...
  [01-adult-portrait] IN_PROGRESS ...
  [04-puppy] IN_PROGRESS ...
  [03-lifestyle] IN_PROGRESS ...
  [01-adult-portrait] IN_PROGRESS ...
  [02-grooming] IN_PROGRESS ...
  [03-lifestyle] IN_PROGRESS ...
  [04-puppy] IN_PROGRESS ...
  [02-grooming] IN_PROGRESS ...
  [01-adult-portrait] IN_PROGRESS ...
  [04-puppy] IN_PROGRESS ...
  [03-lifestyle] IN_PROGRESS ...
  [04-puppy] IN_PROGRESS ...
  [01-adult-portrait] IN_PROGRESS ...
  [02-grooming] IN_PROGRESS ...
[03-lifestyle] saved -> C:\Users\kailu\Claude_Projects\wooffy-dog-breeds\sample-images\redbone-coonhound\03-lifestyle.png
  [02-grooming] IN_PROGRESS ...
[04-puppy] saved -> C:\Users\kailu\Claude_Projects\wooffy-dog-breeds\sample-images\redbone-coonhound\04-puppy.png
[01-adult-portrait] saved -> C:\Users\kailu\Claude_Projects\wooffy-dog-breeds\sample-images\redbone-coonhound\01-adult-portrait.png
[02-grooming] saved -> C:\Users\kailu\Claude_Projects\wooffy-dog-breeds\sample-images\redbone-coonhound\02-grooming.png
  uploading 03-lifestyle to Shopify Files...
[03-lifestyle.png] staging...
[03-lifestyle.png] registering...
[03-lifestyle.png] polling for CDN URL...
[03-lifestyle.png] -> https://cdn.shopify.com/s/files/1/0554/5253/2790/files/03-lifestyle_da210464-a48d-4cb2-b032-246e683de9e7.png?v=1777579342
  uploading 04-puppy to Shopify Files...
[04-puppy.png] staging...
[04-puppy.png] registering...
[04-puppy.png] polling for CDN URL...
[04-puppy.png] -> https://cdn.shopify.com/s/files/1/0554/5253/2790/files/04-puppy_81bc7314-87eb-46b7-b0e7-628a5e5c777d.png?v=1777579348
  uploading 01-adult-portrait to Shopify Files...
[01-adult-portrait.png] staging...
[01-adult-portrait.png] registering...
[01-adult-portrait.png] polling for CDN URL...
[01-adult-portrait.png] -> https://cdn.shopify.com/s/files/1/0554/5253/2790/files/01-adult-portrait_27065f3e-dfba-4cbd-a4fb-c116f1253efd.png?v=1777579352
  uploading 02-grooming to Shopify Files...
[02-grooming.png] staging...
[02-grooming.png] registering...
[02-grooming.png] polling for CDN URL...
[02-grooming.png] -> https://cdn.shopify.com/s/files/1/0554/5253/2790/files/02-grooming_b3e348d2-bab6-4439-9204-be32a28bb878.png?v=1777579356
  ok (210s elapsed, ~450s ETA)

[8/22] russell-terrier
  generating 4 images for russell-terrier...
[01-adult-portrait] submitting
[02-grooming] submitting
[03-lifestyle] submitting
[04-puppy] submitting
[02-grooming] request_id=019ddffc-76b3-74e1-9689-5a8aa72e62f7
[03-lifestyle] request_id=019ddffc-76b3-7783-bf51-440c87e35e57
[01-adult-portrait] request_id=019ddffc-76b4-71a2-98ba-91e16a61ac03
[04-puppy] request_id=019ddffc-76b7-7cb1-9fe4-e0f0b04efb9a
  [03-lifestyle] IN_QUEUE ...
  [02-grooming] IN_QUEUE ...
  [01-adult-portrait] IN_QUEUE ...
  [04-puppy] IN_QUEUE ...
  [02-grooming] IN_PROGRESS ...
  [01-adult-portrait] IN_PROGRESS ...
  [03-lifestyle] IN_PROGRESS ...
  [04-puppy] IN_PROGRESS ...
  [03-lifestyle] IN_PROGRESS ...
  [01-adult-portrait] IN_PROGRESS ...
  [02-grooming] IN_PROGRESS ...
  [04-puppy] IN_PROGRESS ...
  [02-grooming] IN_PROGRESS ...
  [03-lifestyle] IN_PROGRESS ...
  [01-adult-portrait] IN_PROGRESS ...
  [04-puppy] IN_PROGRESS ...
  [03-lifestyle] IN_PROGRESS ...
  [01-adult-portrait] IN_PROGRESS ...
  [02-grooming] IN_PROGRESS ...
  [04-puppy] IN_PROGRESS ...
  [02-grooming] IN_PROGRESS ...
  [04-puppy] IN_PROGRESS ...
  [01-adult-portrait] IN_PROGRESS ...
  [03-lifestyle] IN_PROGRESS ...
  [04-puppy] IN_PROGRESS ...
  [03-lifestyle] IN_PROGRESS ...
[02-grooming] saved -> C:\Users\kailu\Claude_Projects\wooffy-dog-breeds\sample-images\russell-terrier\02-grooming.png
[01-adult-portrait] saved -> C:\Users\kailu\Claude_Projects\wooffy-dog-breeds\sample-images\russell-terrier\01-adult-portrait.png
  [04-puppy] IN_PROGRESS ...
[03-lifestyle] saved -> C:\Users\kailu\Claude_Projects\wooffy-dog-breeds\sample-images\russell-terrier\03-lifestyle.png
  [04-puppy] IN_PROGRESS ...
  FAIL russell-terrier: <urlopen error [WinError 10054] An existing connection was forcibly closed by the remote host>

[9/22] schipperke
  generating 4 images for schipperke...
[01-adult-portrait] submitting
[02-grooming] submitting
[03-lifestyle] submitting
[04-puppy] submitting
[01-adult-portrait] request_id=019ddffd-562c-76e1-9f6f-79901efef10c
[03-lifestyle] request_id=019ddffd-5631-7670-acc6-970012140f66
[04-puppy] request_id=019ddffd-5631-7650-91b7-c96de7d19053
[02-grooming] request_id=019ddffd-5633-77b3-81bd-0ff2ed91c583
  [01-adult-portrait] IN_QUEUE ...
  [03-lifestyle] IN_QUEUE ...
  [02-grooming] IN_QUEUE ...
  [04-puppy] IN_QUEUE ...
  [01-adult-portrait] IN_PROGRESS ...
  [03-lifestyle] IN_PROGRESS ...
  [02-grooming] IN_PROGRESS ...
  [04-puppy] IN_PROGRESS ...
  [01-adult-portrait] IN_PROGRESS ...
  [03-lifestyle] IN_PROGRESS ...
  [02-grooming] IN_PROGRESS ...
  [04-puppy] IN_PROGRESS ...
  [03-lifestyle] IN_PROGRESS ...
  [04-puppy] IN_PROGRESS ...
  [01-adult-portrait] IN_PROGRESS ...
  [02-grooming] IN_PROGRESS ...
  [01-adult-portrait] IN_PROGRESS ...
  [04-puppy] IN_PROGRESS ...
  [02-grooming] IN_PROGRESS ...
  [03-lifestyle] IN_PROGRESS ...
  [03-lifestyle] IN_PROGRESS ...
  [02-grooming] IN_PROGRESS ...
  [01-adult-portrait] IN_PROGRESS ...
  [04-puppy] IN_PROGRESS ...
  [01-adult-portrait] IN_PROGRESS ...
  [03-lifestyle] IN_PROGRESS ...
  [04-puppy] IN_PROGRESS ...
  [02-grooming] IN_PROGRESS ...
  [01-adult-portrait] IN_PROGRESS ...
[02-grooming] saved -> C:\Users\kailu\Claude_Projects\wooffy-dog-breeds\sample-images\schipperke\02-grooming.png
[03-lifestyle] saved -> C:\Users\kailu\Claude_Projects\wooffy-dog-breeds\sample-images\schipperke\03-lifestyle.png
[04-puppy] saved -> C:\Users\kailu\Claude_Projects\wooffy-dog-breeds\sample-images\schipperke\04-puppy.png
[01-adult-portrait] saved -> C:\Users\kailu\Claude_Projects\wooffy-dog-breeds\sample-images\schipperke\01-adult-portrait.png
  uploading 02-grooming to Shopify Files...
[02-grooming.png] staging...
[02-grooming.png] registering...
[02-grooming.png] polling for CDN URL...
[02-grooming.png] -> https://cdn.shopify.com/s/files/1/0554/5253/2790/files/02-grooming_681e91fa-c650-4aec-889e-91d39ce1718f.png?v=1777579453
  uploading 03-lifestyle to Shopify Files...
[03-lifestyle.png] staging...
[03-lifestyle.png] registering...
[03-lifestyle.png] polling for CDN URL...
[03-lifestyle.png] -> https://cdn.shopify.com/s/files/1/0554/5253/2790/files/03-lifestyle_9ffdf9d4-b93f-428e-8dad-e29895a6a25e.png?v=1777579457
  uploading 04-puppy to Shopify Files...
[04-puppy.png] staging...
[04-puppy.png] registering...
[04-puppy.png] polling for CDN URL...
[04-puppy.png] -> https://cdn.shopify.com/s/files/1/0554/5253/2790/files/04-puppy_5a036163-3fb1-45b4-9ac4-2d0c2baa5ef3.png?v=1777579460
  uploading 01-adult-portrait to Shopify Files...
[01-adult-portrait.png] staging...
[01-adult-portrait.png] registering...
[01-adult-portrait.png] polling for CDN URL...
[01-adult-portrait.png] -> https://cdn.shopify.com/s/files/1/0554/5253/2790/files/01-adult-portrait_0a8d16c9-d277-4913-b79b-897a8d1ac713.png?v=1777579465
  ok (318s elapsed, ~460s ETA)

[10/22] scottish-deerhound
  generating 4 images for scottish-deerhound...
[01-adult-portrait] submitting
[02-grooming] submitting
[03-lifestyle] submitting
[04-puppy] submitting
[02-grooming] request_id=019ddffe-1ee5-71b2-89d3-93f6840a40eb
[01-adult-portrait] request_id=019ddffe-1ef9-7891-8177-d35103c6678a
[04-puppy] request_id=019ddffe-1efc-7d41-aa22-6d029878d5f2
[03-lifestyle] request_id=019ddffe-1efb-70e1-95ad-1683276827a9
  [04-puppy] IN_QUEUE ...
  [02-grooming] IN_QUEUE ...
  [03-lifestyle] IN_QUEUE ...
  [01-adult-portrait] IN_QUEUE ...
  [04-puppy] IN_PROGRESS ...
  [03-lifestyle] IN_PROGRESS ...
  [02-grooming] IN_PROGRESS ...
  [01-adult-portrait] IN_PROGRESS ...
  [04-puppy] IN_PROGRESS ...
  [03-lifestyle] IN_PROGRESS ...
  [01-adult-portrait] IN_PROGRESS ...
  [02-grooming] IN_PROGRESS ...
  [04-puppy] IN_PROGRESS ...
  [03-lifestyle] IN_PROGRESS ...
  [01-adult-portrait] IN_PROGRESS ...
  [02-grooming] IN_PROGRESS ...
  [04-puppy] IN_PROGRESS ...
  [01-adult-portrait] IN_PROGRESS ...
  [03-lifestyle] IN_PROGRESS ...
  [02-grooming] IN_PROGRESS ...
  [04-puppy] IN_PROGRESS ...
  [01-adult-portrait] IN_PROGRESS ...
  [03-lifestyle] IN_PROGRESS ...
  [02-grooming] IN_PROGRESS ...
  [03-lifestyle] IN_PROGRESS ...
  [02-grooming] IN_PROGRESS ...
  [01-adult-portrait] IN_PROGRESS ...
  [04-puppy] IN_PROGRESS ...
  [01-adult-portrait] IN_PROGRESS ...
[04-puppy] saved -> C:\Users\kailu\Claude_Projects\wooffy-dog-breeds\sample-images\scottish-deerhound\04-puppy.png
[03-lifestyle] saved -> C:\Users\kailu\Claude_Projects\wooffy-dog-breeds\sample-images\scottish-deerhound\03-lifestyle.png
[02-grooming] saved -> C:\Users\kailu\Claude_Projects\wooffy-dog-breeds\sample-images\scottish-deerhound\02-grooming.png
  [01-adult-portrait] IN_PROGRESS ...
  [01-adult-portrait] IN_PROGRESS ...
[01-adult-portrait] saved -> C:\Users\kailu\Claude_Projects\wooffy-dog-breeds\sample-images\scottish-deerhound\01-adult-portrait.png
  uploading 04-puppy to Shopify Files...
[04-puppy.png] staging...
[04-puppy.png] registering...
[04-puppy.png] polling for CDN URL...
[04-puppy.png] -> https://cdn.shopify.com/s/files/1/0554/5253/2790/files/04-puppy_3dbe7700-360b-4495-a48e-cbc1e679c37f.png?v=1777579512
  uploading 03-lifestyle to Shopify Files...
[03-lifestyle.png] staging...
[03-lifestyle.png] registering...
[03-lifestyle.png] polling for CDN URL...
[03-lifestyle.png] -> https://cdn.shopify.com/s/files/1/0554/5253/2790/files/03-lifestyle_857fa515-6341-4653-84c2-898a00a52112.png?v=1777579516
  uploading 02-grooming to Shopify Files...
[02-grooming.png] staging...
[02-grooming.png] registering...
[02-grooming.png] polling for CDN URL...
[02-grooming.png] -> https://cdn.shopify.com/s/files/1/0554/5253/2790/files/02-grooming_68baac26-b675-4889-96df-912a93091789.png?v=1777579521
  uploading 01-adult-portrait to Shopify Files...
[01-adult-portrait.png] staging...
[01-adult-portrait.png] registering...
[01-adult-portrait.png] polling for CDN URL...
[01-adult-portrait.png] -> https://cdn.shopify.com/s/files/1/0554/5253/2790/files/01-adult-portrait_19f84575-f633-491d-8f38-83633ee48beb.png?v=1777579525
  ok (379s elapsed, ~454s ETA)

[11/22] scottish-terrier
  generating 4 images for scottish-terrier...
[01-adult-portrait] submitting
[02-grooming] submitting
[03-lifestyle] submitting
[04-puppy] submitting
[04-puppy] request_id=019ddfff-0a1b-77f0-a870-fc74e6db9425
[01-adult-portrait] request_id=019ddfff-0a1c-7173-b2b9-2320fa7d987e
[02-grooming] request_id=019ddfff-0a1d-7210-acba-83dc505479ff
[03-lifestyle] request_id=019ddfff-0a1f-7650-b925-b6ca07c74667
  [01-adult-portrait] IN_QUEUE ...
  [02-grooming] IN_PROGRESS ...
  [03-lifestyle] IN_PROGRESS ...
  [04-puppy] IN_PROGRESS ...
  [02-grooming] IN_PROGRESS ...
  [01-adult-portrait] IN_PROGRESS ...
  [03-lifestyle] IN_PROGRESS ...
  [04-puppy] IN_PROGRESS ...
  [01-adult-portrait] IN_PROGRESS ...
  [02-grooming] IN_PROGRESS ...
  [03-lifestyle] IN_PROGRESS ...
  [04-puppy] IN_PROGRESS ...
  [01-adult-portrait] IN_PROGRESS ...
  [02-grooming] IN_PROGRESS ...
  [04-puppy] IN_PROGRESS ...
  [03-lifestyle] IN_PROGRESS ...
  [01-adult-portrait] IN_PROGRESS ...
  [02-grooming] IN_PROGRESS ...
  [04-puppy] IN_PROGRESS ...
  [03-lifestyle] IN_PROGRESS ...
  [01-adult-portrait] IN_PROGRESS ...
  [02-grooming] IN_PROGRESS ...
  [03-lifestyle] IN_PROGRESS ...
  [04-puppy] IN_PROGRESS ...
  [01-adult-portrait] IN_PROGRESS ...
  [03-lifestyle] IN_PROGRESS ...
[02-grooming] saved -> C:\Users\kailu\Claude_Projects\wooffy-dog-breeds\sample-images\scottish-terrier\02-grooming.png
[04-puppy] saved -> C:\Users\kailu\Claude_Projects\wooffy-dog-breeds\sample-images\scottish-terrier\04-puppy.png
  [03-lifestyle] IN_PROGRESS ...
[01-adult-portrait] saved -> C:\Users\kailu\Claude_Projects\wooffy-dog-breeds\sample-images\scottish-terrier\01-adult-portrait.png
[03-lifestyle] saved -> C:\Users\kailu\Claude_Projects\wooffy-dog-breeds\sample-images\scottish-terrier\03-lifestyle.png
  uploading 02-grooming to Shopify Files...
[02-grooming.png] staging...
[02-grooming.png] registering...
[02-grooming.png] polling for CDN URL...
[02-grooming.png] -> https://cdn.shopify.com/s/files/1/0554/5253/2790/files/02-grooming_270a325d-3763-4c39-9844-059ffec66a32.png?v=1777579564
  uploading 04-puppy to Shopify Files...
[04-puppy.png] staging...
[04-puppy.png] registering...
[04-puppy.png] polling for CDN URL...
[04-puppy.png] -> https://cdn.shopify.com/s/files/1/0554/5253/2790/files/04-puppy_212dc274-077e-4f12-a3e2-412f9628d86b.png?v=1777579569
  uploading 01-adult-portrait to Shopify Files...
[01-adult-portrait.png] staging...
[01-adult-portrait.png] registering...
[01-adult-portrait.png] polling for CDN URL...
[01-adult-portrait.png] -> https://cdn.shopify.com/s/files/1/0554/5253/2790/files/01-adult-portrait_ba02a924-6212-48d5-b9c9-c286ed0a3aa8.png?v=1777579572
  uploading 03-lifestyle to Shopify Files...
[03-lifestyle.png] staging...
[03-lifestyle.png] registering...
[03-lifestyle.png] polling for CDN URL...
[03-lifestyle.png] -> https://cdn.shopify.com/s/files/1/0554/5253/2790/files/03-lifestyle_812db7ce-f0d7-42be-8e4b-788122802c8f.png?v=1777579576
  ok (430s elapsed, ~430s ETA)

[12/22] silky-terrier
  generating 4 images for silky-terrier...
[01-adult-portrait] submitting
[02-grooming] submitting
[03-lifestyle] submitting
[04-puppy] submitting
[02-grooming] request_id=019ddfff-d1ba-7263-b329-13bc3c01597f
[01-adult-portrait] request_id=019ddfff-d1bb-7ff1-9e35-d9a9c5f8682a
[03-lifestyle] request_id=019ddfff-d1bb-7ff2-b800-bca16e73b030
[04-puppy] request_id=019ddfff-d1ba-7852-8dc9-83fac5004356
  [04-puppy] IN_PROGRESS ...
  [01-adult-portrait] IN_PROGRESS ...
  [03-lifestyle] IN_PROGRESS ...
  [02-grooming] IN_PROGRESS ...
  [03-lifestyle] IN_PROGRESS ...
  [04-puppy] IN_PROGRESS ...
  [02-grooming] IN_PROGRESS ...
  [01-adult-portrait] IN_PROGRESS ...
  [02-grooming] IN_PROGRESS ...
  [04-puppy] IN_PROGRESS ...
  [03-lifestyle] IN_PROGRESS ...
  [01-adult-portrait] IN_PROGRESS ...
  [02-grooming] IN_PROGRESS ...
  [04-puppy] IN_PROGRESS ...
  [01-adult-portrait] IN_PROGRESS ...
  [03-lifestyle] IN_PROGRESS ...
  [04-puppy] IN_PROGRESS ...
  [02-grooming] IN_PROGRESS ...
  [03-lifestyle] IN_PROGRESS ...
  [01-adult-portrait] IN_PROGRESS ...
  [04-puppy] IN_PROGRESS ...
  [02-grooming] IN_PROGRESS ...
  [03-lifestyle] IN_PROGRESS ...
  [01-adult-portrait] IN_PROGRESS ...
  [04-puppy] IN_PROGRESS ...
  [02-grooming] IN_PROGRESS ...
  [01-adult-portrait] IN_PROGRESS ...
  [03-lifestyle] IN_PROGRESS ...
  [04-puppy] IN_PROGRESS ...
  [03-lifestyle] IN_PROGRESS ...
[02-grooming] saved -> C:\Users\kailu\Claude_Projects\wooffy-dog-breeds\sample-images\silky-terrier\02-grooming.png
[01-adult-portrait] saved -> C:\Users\kailu\Claude_Projects\wooffy-dog-breeds\sample-images\silky-terrier\01-adult-portrait.png
[04-puppy] saved -> C:\Users\kailu\Claude_Projects\wooffy-dog-breeds\sample-images\silky-terrier\04-puppy.png
[03-lifestyle] saved -> C:\Users\kailu\Claude_Projects\wooffy-dog-breeds\sample-images\silky-terrier\03-lifestyle.png
  uploading 02-grooming to Shopify Files...
[02-grooming.png] staging...
[02-grooming.png] registering...
[02-grooming.png] polling for CDN URL...
[02-grooming.png] -> https://cdn.shopify.com/s/files/1/0554/5253/2790/files/02-grooming_800ebffe-1ed3-44c1-a3be-3a444470443f.png?v=1777579615
  uploading 01-adult-portrait to Shopify Files...
[01-adult-portrait.png] staging...
[01-adult-portrait.png] registering...
[01-adult-portrait.png] polling for CDN URL...
[01-adult-portrait.png] -> https://cdn.shopify.com/s/files/1/0554/5253/2790/files/01-adult-portrait_b33677f8-b9f3-466c-ab6f-bfef3be45879.png?v=1777579619
  uploading 04-puppy to Shopify Files...
[04-puppy.png] staging...
[04-puppy.png] registering...
[04-puppy.png] polling for CDN URL...
[04-puppy.png] -> https://cdn.shopify.com/s/files/1/0554/5253/2790/files/04-puppy_8ad3bd2e-6e15-43f1-a588-244dd044fcf1.png?v=1777579623
  uploading 03-lifestyle to Shopify Files...
[03-lifestyle.png] staging...
[03-lifestyle.png] registering...
[03-lifestyle.png] polling for CDN URL...
[03-lifestyle.png] -> https://cdn.shopify.com/s/files/1/0554/5253/2790/files/03-lifestyle_730c47d2-9229-4a2b-bdf9-eb7be85020e7.png?v=1777579627
  ok (480s elapsed, ~400s ETA)

[13/22] skye-terrier
  generating 4 images for skye-terrier...
[01-adult-portrait] submitting
[02-grooming] submitting
[03-lifestyle] submitting
[04-puppy] submitting
[01-adult-portrait] request_id=019de000-9800-7533-a81c-4de34241bd09
[02-grooming] request_id=019de000-9801-74a3-8b08-abff554defd5
[04-puppy] request_id=019de000-9802-7600-acb6-2dc60d573732
[03-lifestyle] request_id=019de000-9802-7600-acb6-2dd9b110447b
  [04-puppy] IN_QUEUE ...
  [02-grooming] IN_QUEUE ...
  [03-lifestyle] IN_QUEUE ...
  [01-adult-portrait] IN_PROGRESS ...
  [01-adult-portrait] IN_PROGRESS ...
  [04-puppy] IN_PROGRESS ...
  [03-lifestyle] IN_PROGRESS ...
  [02-grooming] IN_PROGRESS ...
  [04-puppy] IN_PROGRESS ...
  [01-adult-portrait] IN_PROGRESS ...
  [03-lifestyle] IN_PROGRESS ...
  [02-grooming] IN_PROGRESS ...
  [04-puppy] IN_PROGRESS ...
  [02-grooming] IN_PROGRESS ...
  [03-lifestyle] IN_PROGRESS ...
  [01-adult-portrait] IN_PROGRESS ...
  [04-puppy] IN_PROGRESS ...
  [01-adult-portrait] IN_PROGRESS ...
  [02-grooming] IN_PROGRESS ...
  [03-lifestyle] IN_PROGRESS ...
  [04-puppy] IN_PROGRESS ...
  [01-adult-portrait] IN_PROGRESS ...
  [03-lifestyle] IN_PROGRESS ...
  [02-grooming] IN_PROGRESS ...
  [04-puppy] IN_PROGRESS ...
  [01-adult-portrait] IN_PROGRESS ...
  [03-lifestyle] IN_PROGRESS ...
  [02-grooming] IN_PROGRESS ...
  [04-puppy] IN_PROGRESS ...
  [03-lifestyle] IN_PROGRESS ...
  [02-grooming] IN_PROGRESS ...
[01-adult-portrait] saved -> C:\Users\kailu\Claude_Projects\wooffy-dog-breeds\sample-images\skye-terrier\01-adult-portrait.png
[04-puppy] saved -> C:\Users\kailu\Claude_Projects\wooffy-dog-breeds\sample-images\skye-terrier\04-puppy.png
[02-grooming] saved -> C:\Users\kailu\Claude_Projects\wooffy-dog-breeds\sample-images\skye-terrier\02-grooming.png
[03-lifestyle] saved -> C:\Users\kailu\Claude_Projects\wooffy-dog-breeds\sample-images\skye-terrier\03-lifestyle.png
  uploading 01-adult-portrait to Shopify Files...
[01-adult-portrait.png] staging...
[01-adult-portrait.png] registering...
[01-adult-portrait.png] polling for CDN URL...
[01-adult-portrait.png] -> https://cdn.shopify.com/s/files/1/0554/5253/2790/files/01-adult-portrait_2459860f-bd08-4194-8377-4e32b3e3916a.png?v=1777579666
  uploading 04-puppy to Shopify Files...
[04-puppy.png] staging...
[04-puppy.png] registering...
[04-puppy.png] polling for CDN URL...
[04-puppy.png] -> https://cdn.shopify.com/s/files/1/0554/5253/2790/files/04-puppy_6d62de92-9fa9-4b5c-a4ac-b28eefdac982.png?v=1777579670
  uploading 02-grooming to Shopify Files...
[02-grooming.png] staging...
[02-grooming.png] registering...
[02-grooming.png] polling for CDN URL...
[02-grooming.png] -> https://cdn.shopify.com/s/files/1/0554/5253/2790/files/02-grooming_67f89c0a-0082-4c7f-8deb-e259e9810fd4.png?v=1777579674
  uploading 03-lifestyle to Shopify Files...
[03-lifestyle.png] staging...
[03-lifestyle.png] registering...
[03-lifestyle.png] polling for CDN URL...
[03-lifestyle.png] -> https://cdn.shopify.com/s/files/1/0554/5253/2790/files/03-lifestyle_3de8e8cb-2004-4ddc-93cc-7ad8d3b70a7d.png?v=1777579678
  ok (531s elapsed, ~368s ETA)

[14/22] spanish-water-dog
  generating 4 images for spanish-water-dog...
[01-adult-portrait] submitting
[02-grooming] submitting
[03-lifestyle] submitting
[04-puppy] submitting
[02-grooming] request_id=019de001-5e67-7720-9ca9-aa19c74a7d3f
[04-puppy] request_id=019de001-5e66-7752-b7b2-009246c3eccc
[01-adult-portrait] request_id=019de001-5e68-7521-8437-ddb6f568e697
[03-lifestyle] request_id=019de001-5e6a-79f1-abc3-bf2b4fb67f48
  [02-grooming] IN_QUEUE ...
  [04-puppy] IN_QUEUE ...
  [01-adult-portrait] IN_QUEUE ...
  [03-lifestyle] IN_QUEUE ...
  [01-adult-portrait] IN_PROGRESS ...
  [02-grooming] IN_PROGRESS ...
  [04-puppy] IN_PROGRESS ...
  [03-lifestyle] IN_PROGRESS ...
  [02-grooming] IN_PROGRESS ...
  [04-puppy] IN_PROGRESS ...
  [03-lifestyle] IN_PROGRESS ...
  [01-adult-portrait] IN_PROGRESS ...
  [02-grooming] IN_PROGRESS ...
  [04-puppy] IN_PROGRESS ...
  [01-adult-portrait] IN_PROGRESS ...
  [03-lifestyle] IN_PROGRESS ...
  [02-grooming] IN_PROGRESS ...
  [04-puppy] IN_PROGRESS ...
  [03-lifestyle] IN_PROGRESS ...
  [01-adult-portrait] IN_PROGRESS ...
  [04-puppy] IN_PROGRESS ...
  [03-lifestyle] IN_PROGRESS ...
  [02-grooming] IN_PROGRESS ...
  [01-adult-portrait] IN_PROGRESS ...
  [01-adult-portrait] IN_PROGRESS ...
[02-grooming] saved -> C:\Users\kailu\Claude_Projects\wooffy-dog-breeds\sample-images\spanish-water-dog\02-grooming.png
[03-lifestyle] saved -> C:\Users\kailu\Claude_Projects\wooffy-dog-breeds\sample-images\spanish-water-dog\03-lifestyle.png
[04-puppy] saved -> C:\Users\kailu\Claude_Projects\wooffy-dog-breeds\sample-images\spanish-water-dog\04-puppy.png
[01-adult-portrait] saved -> C:\Users\kailu\Claude_Projects\wooffy-dog-breeds\sample-images\spanish-water-dog\01-adult-portrait.png
  uploading 02-grooming to Shopify Files...
[02-grooming.png] staging...
[02-grooming.png] registering...
[02-grooming.png] polling for CDN URL...
[02-grooming.png] -> https://cdn.shopify.com/s/files/1/0554/5253/2790/files/02-grooming_dc96456e-91af-4103-9fa6-5a7754a014c3.png?v=1777579712
  uploading 03-lifestyle to Shopify Files...
[03-lifestyle.png] staging...
[03-lifestyle.png] registering...
[03-lifestyle.png] polling for CDN URL...
[03-lifestyle.png] -> https://cdn.shopify.com/s/files/1/0554/5253/2790/files/03-lifestyle_d84dcedc-268f-4286-9677-f317a39ecf8d.png?v=1777579717
  uploading 04-puppy to Shopify Files...
[04-puppy.png] staging...
[04-puppy.png] registering...
[04-puppy.png] polling for CDN URL...
[04-puppy.png] -> https://cdn.shopify.com/s/files/1/0554/5253/2790/files/04-puppy_6019986c-9d03-411c-aedd-64316db29600.png?v=1777579721
  uploading 01-adult-portrait to Shopify Files...
[01-adult-portrait.png] staging...
[01-adult-portrait.png] registering...
[01-adult-portrait.png] polling for CDN URL...
[01-adult-portrait.png] -> https://cdn.shopify.com/s/files/1/0554/5253/2790/files/01-adult-portrait_d607e935-4018-424d-9f82-4e64dd525594.png?v=1777579724
  ok (578s elapsed, ~330s ETA)

[15/22] standard-schnauzer
  generating 4 images for standard-schnauzer...
[01-adult-portrait] submitting
[02-grooming] submitting
[03-lifestyle] submitting
[04-puppy] submitting
[03-lifestyle] request_id=019de002-155d-7ed3-a379-f0022dec0f38
[01-adult-portrait] request_id=019de002-155d-7ec0-82a7-a8158a1508fe
[02-grooming] request_id=019de002-155d-70b0-aa63-19982ce4ddb7
[04-puppy] request_id=019de002-1566-7e81-a26c-9d587e31b38a
  [01-adult-portrait] IN_QUEUE ...
  [02-grooming] IN_QUEUE ...
  [03-lifestyle] IN_QUEUE ...
  [04-puppy] IN_QUEUE ...
  [01-adult-portrait] IN_PROGRESS ...
  [02-grooming] IN_PROGRESS ...
  [04-puppy] IN_PROGRESS ...
  [03-lifestyle] IN_PROGRESS ...
  [01-adult-portrait] IN_PROGRESS ...
  [02-grooming] IN_PROGRESS ...
  [03-lifestyle] IN_PROGRESS ...
  [04-puppy] IN_PROGRESS ...
  [01-adult-portrait] IN_PROGRESS ...
  [02-grooming] IN_PROGRESS ...
  [04-puppy] IN_PROGRESS ...
  [03-lifestyle] IN_PROGRESS ...
  [01-adult-portrait] IN_PROGRESS ...
  [02-grooming] IN_PROGRESS ...
  [04-puppy] IN_PROGRESS ...
  [03-lifestyle] IN_PROGRESS ...
  [01-adult-portrait] IN_PROGRESS ...
  [02-grooming] IN_PROGRESS ...
  [04-puppy] IN_PROGRESS ...
  [03-lifestyle] IN_PROGRESS ...
  [01-adult-portrait] IN_PROGRESS ...
  [03-lifestyle] IN_PROGRESS ...
[04-puppy] saved -> C:\Users\kailu\Claude_Projects\wooffy-dog-breeds\sample-images\standard-schnauzer\04-puppy.png
[02-grooming] saved -> C:\Users\kailu\Claude_Projects\wooffy-dog-breeds\sample-images\standard-schnauzer\02-grooming.png
  [03-lifestyle] IN_PROGRESS ...
[01-adult-portrait] saved -> C:\Users\kailu\Claude_Projects\wooffy-dog-breeds\sample-images\standard-schnauzer\01-adult-portrait.png
  [03-lifestyle] IN_PROGRESS ...
  [03-lifestyle] IN_PROGRESS ...
[03-lifestyle] saved -> C:\Users\kailu\Claude_Projects\wooffy-dog-breeds\sample-images\standard-schnauzer\03-lifestyle.png
  uploading 04-puppy to Shopify Files...
[04-puppy.png] staging...
[04-puppy.png] registering...
[04-puppy.png] polling for CDN URL...
[04-puppy.png] -> https://cdn.shopify.com/s/files/1/0554/5253/2790/files/04-puppy_00adf3e6-e363-4b2a-b578-79e59a906bd5.png?v=1777579772
  uploading 02-grooming to Shopify Files...
[02-grooming.png] staging...
[02-grooming.png] registering...
[02-grooming.png] polling for CDN URL...
[02-grooming.png] -> https://cdn.shopify.com/s/files/1/0554/5253/2790/files/02-grooming_748e4fcc-fc86-4d3c-9abe-7c0d2953662d.png?v=1777579776
  uploading 01-adult-portrait to Shopify Files...
[01-adult-portrait.png] staging...
[01-adult-portrait.png] registering...
[01-adult-portrait.png] polling for CDN URL...
[01-adult-portrait.png] -> https://cdn.shopify.com/s/files/1/0554/5253/2790/files/01-adult-portrait_8491a0a2-039e-471c-a461-e94d40ffed04.png?v=1777579784
  uploading 03-lifestyle to Shopify Files...
[03-lifestyle.png] staging...
[03-lifestyle.png] registering...
[03-lifestyle.png] polling for CDN URL...
[03-lifestyle.png] -> https://cdn.shopify.com/s/files/1/0554/5253/2790/files/03-lifestyle_099194ef-e6ab-436d-b082-995a6cea17dd.png?v=1777579788
  ok (641s elapsed, ~299s ETA)

[16/22] swedish-vallhund
  generating 4 images for swedish-vallhund...
[01-adult-portrait] submitting
[02-grooming] submitting
[03-lifestyle] submitting
[04-puppy] submitting
[02-grooming] request_id=019de003-0c2c-7f00-9a04-a3b01d7e84b1
[04-puppy] request_id=019de003-0c2d-75f1-9330-168e1212abcd
[03-lifestyle] request_id=019de003-0c2c-7db0-b2cb-aac589958ca7
[01-adult-portrait] request_id=019de003-0c2f-7be0-a4e0-88109ee1dd14
  [02-grooming] IN_PROGRESS ...
  [04-puppy] IN_PROGRESS ...
  [03-lifestyle] IN_PROGRESS ...
  [01-adult-portrait] IN_PROGRESS ...
  [03-lifestyle] IN_PROGRESS ...
  [04-puppy] IN_PROGRESS ...
  [02-grooming] IN_PROGRESS ...
  [01-adult-portrait] IN_PROGRESS ...
  [03-lifestyle] IN_PROGRESS ...
  [04-puppy] IN_PROGRESS ...
  [02-grooming] IN_PROGRESS ...
  [01-adult-portrait] IN_PROGRESS ...
  [03-lifestyle] IN_PROGRESS ...
  [02-grooming] IN_PROGRESS ...
  [04-puppy] IN_PROGRESS ...
  [01-adult-portrait] IN_PROGRESS ...
  [03-lifestyle] IN_PROGRESS ...
  [01-adult-portrait] IN_PROGRESS ...
  [02-grooming] IN_PROGRESS ...
  [04-puppy] IN_PROGRESS ...
  [03-lifestyle] IN_PROGRESS ...
  [01-adult-portrait] IN_PROGRESS ...
  [02-grooming] IN_PROGRESS ...
  [04-puppy] IN_PROGRESS ...
  [03-lifestyle] IN_PROGRESS ...
  [01-adult-portrait] IN_PROGRESS ...
  [04-puppy] IN_PROGRESS ...
  [02-grooming] IN_PROGRESS ...
  [03-lifestyle] IN_PROGRESS ...
[01-adult-portrait] saved -> C:\Users\kailu\Claude_Projects\wooffy-dog-breeds\sample-images\swedish-vallhund\01-adult-portrait.png
[04-puppy] saved -> C:\Users\kailu\Claude_Projects\wooffy-dog-breeds\sample-images\swedish-vallhund\04-puppy.png
[02-grooming] saved -> C:\Users\kailu\Claude_Projects\wooffy-dog-breeds\sample-images\swedish-vallhund\02-grooming.png
[03-lifestyle] saved -> C:\Users\kailu\Claude_Projects\wooffy-dog-breeds\sample-images\swedish-vallhund\03-lifestyle.png
  uploading 01-adult-portrait to Shopify Files...
[01-adult-portrait.png] staging...
[01-adult-portrait.png] registering...
[01-adult-portrait.png] polling for CDN URL...
[01-adult-portrait.png] -> https://cdn.shopify.com/s/files/1/0554/5253/2790/files/01-adult-portrait_fe5bde4b-77e8-4bdf-a930-cc8218000568.png?v=1777579827
  uploading 04-puppy to Shopify Files...
[04-puppy.png] staging...
[04-puppy.png] registering...
[04-puppy.png] polling for CDN URL...
[04-puppy.png] -> https://cdn.shopify.com/s/files/1/0554/5253/2790/files/04-puppy_0d6ae045-86cb-42f1-8c32-91146dc5fab7.png?v=1777579831
  uploading 02-grooming to Shopify Files...
[02-grooming.png] staging...
[02-grooming.png] registering...
[02-grooming.png] polling for CDN URL...
[02-grooming.png] -> https://cdn.shopify.com/s/files/1/0554/5253/2790/files/02-grooming_e2c8dae4-a1b8-4e19-9f24-cf238f97d439.png?v=1777579835
  uploading 03-lifestyle to Shopify Files...
[03-lifestyle.png] staging...
[03-lifestyle.png] registering...
[03-lifestyle.png] polling for CDN URL...
[03-lifestyle.png] -> https://cdn.shopify.com/s/files/1/0554/5253/2790/files/03-lifestyle_afd52c83-71e2-48d3-8d6b-c795a38e61a8.png?v=1777579839
  ok (693s elapsed, ~260s ETA)

[17/22] tibetan-spaniel
  generating 4 images for tibetan-spaniel...
[01-adult-portrait] submitting
[02-grooming] submitting
[03-lifestyle] submitting
[04-puppy] submitting
[04-puppy] request_id=019de003-d509-70c0-a4f0-7050c43d9338
[01-adult-portrait] request_id=019de003-d50d-7003-980a-d7260b4a68c0
[02-grooming] request_id=019de003-d50c-7941-9fc4-6df000753f4e
[03-lifestyle] request_id=019de003-d50c-7880-99f9-8c52721bc766
  [04-puppy] IN_QUEUE ...
  [03-lifestyle] IN_QUEUE ...
  [01-adult-portrait] IN_QUEUE ...
  [02-grooming] IN_QUEUE ...
  [04-puppy] IN_PROGRESS ...
  [02-grooming] IN_PROGRESS ...
  [03-lifestyle] IN_PROGRESS ...
  [01-adult-portrait] IN_PROGRESS ...
  [02-grooming] IN_PROGRESS ...
  [03-lifestyle] IN_PROGRESS ...
  [04-puppy] IN_PROGRESS ...
  [01-adult-portrait] IN_PROGRESS ...
  [02-grooming] IN_PROGRESS ...
  [03-lifestyle] IN_PROGRESS ...
  [04-puppy] IN_PROGRESS ...
  [01-adult-portrait] IN_PROGRESS ...
  [03-lifestyle] IN_PROGRESS ...
  [01-adult-portrait] IN_PROGRESS ...
  [04-puppy] IN_PROGRESS ...
  [02-grooming] IN_PROGRESS ...
  [02-grooming] IN_PROGRESS ...
  [03-lifestyle] IN_PROGRESS ...
  [01-adult-portrait] IN_PROGRESS ...
  [04-puppy] IN_PROGRESS ...
  [03-lifestyle] IN_PROGRESS ...
  [01-adult-portrait] IN_PROGRESS ...
[02-grooming] saved -> C:\Users\kailu\Claude_Projects\wooffy-dog-breeds\sample-images\tibetan-spaniel\02-grooming.png
[04-puppy] saved -> C:\Users\kailu\Claude_Projects\wooffy-dog-breeds\sample-images\tibetan-spaniel\04-puppy.png
  [03-lifestyle] IN_PROGRESS ...
[01-adult-portrait] saved -> C:\Users\kailu\Claude_Projects\wooffy-dog-breeds\sample-images\tibetan-spaniel\01-adult-portrait.png
[03-lifestyle] saved -> C:\Users\kailu\Claude_Projects\wooffy-dog-breeds\sample-images\tibetan-spaniel\03-lifestyle.png
  uploading 02-grooming to Shopify Files...
[02-grooming.png] staging...
[02-grooming.png] registering...
[02-grooming.png] polling for CDN URL...
[02-grooming.png] -> https://cdn.shopify.com/s/files/1/0554/5253/2790/files/02-grooming_0fcfdb9f-4734-4859-91ea-0fa1042b7cde.png?v=1777579881
  uploading 04-puppy to Shopify Files...
[04-puppy.png] staging...
[04-puppy.png] registering...
[04-puppy.png] polling for CDN URL...
[04-puppy.png] -> https://cdn.shopify.com/s/files/1/0554/5253/2790/files/04-puppy_db681c3b-f894-4551-82e4-78fde3d2cfd3.png?v=1777579884
  uploading 01-adult-portrait to Shopify Files...
[01-adult-portrait.png] staging...
[01-adult-portrait.png] registering...
[01-adult-portrait.png] polling for CDN URL...
[01-adult-portrait.png] -> https://cdn.shopify.com/s/files/1/0554/5253/2790/files/01-adult-portrait_f8bed0c4-3a12-4638-b189-efe973f63111.png?v=1777579888
  uploading 03-lifestyle to Shopify Files...
[03-lifestyle.png] staging...
[03-lifestyle.png] registering...
[03-lifestyle.png] polling for CDN URL...
[03-lifestyle.png] -> https://cdn.shopify.com/s/files/1/0554/5253/2790/files/03-lifestyle_1d95302d-6c18-4d62-bc37-dc339fdc6b5e.png?v=1777579892
  ok (745s elapsed, ~219s ETA)

[18/22] tibetan-terrier
  generating 4 images for tibetan-terrier...
[01-adult-portrait] submitting
[02-grooming] submitting
[03-lifestyle] submitting
[04-puppy] submitting
[03-lifestyle] request_id=019de004-a319-7871-af0b-28b1a99cc20d
[02-grooming] request_id=019de004-a32f-7280-8a01-c608138c1be6
[01-adult-portrait] request_id=019de004-a331-7fe2-a382-c59e39b037db
[04-puppy] request_id=019de004-a333-73b2-b3cb-5a8d1e63f42d
  [03-lifestyle] IN_QUEUE ...
  [04-puppy] IN_QUEUE ...
  [01-adult-portrait] IN_QUEUE ...
  [02-grooming] IN_QUEUE ...
  [02-grooming] IN_PROGRESS ...
  [01-adult-portrait] IN_PROGRESS ...
  [03-lifestyle] IN_PROGRESS ...
  [04-puppy] IN_PROGRESS ...
  [04-puppy] IN_PROGRESS ...
  [01-adult-portrait] IN_PROGRESS ...
  [02-grooming] IN_PROGRESS ...
  [03-lifestyle] IN_PROGRESS ...
  [03-lifestyle] IN_PROGRESS ...
  [01-adult-portrait] IN_PROGRESS ...
  [04-puppy] IN_PROGRESS ...
  [02-grooming] IN_PROGRESS ...
  [03-lifestyle] IN_PROGRESS ...
  [01-adult-portrait] IN_PROGRESS ...
  [04-puppy] IN_PROGRESS ...
  [02-grooming] IN_PROGRESS ...
  [03-lifestyle] IN_PROGRESS ...
  [01-adult-portrait] IN_PROGRESS ...
  [04-puppy] IN_PROGRESS ...
[02-grooming] saved -> C:\Users\kailu\Claude_Projects\wooffy-dog-breeds\sample-images\tibetan-terrier\02-grooming.png
  [01-adult-portrait] IN_PROGRESS ...
[03-lifestyle] saved -> C:\Users\kailu\Claude_Projects\wooffy-dog-breeds\sample-images\tibetan-terrier\03-lifestyle.png
  [04-puppy] IN_PROGRESS ...
[01-adult-portrait] saved -> C:\Users\kailu\Claude_Projects\wooffy-dog-breeds\sample-images\tibetan-terrier\01-adult-portrait.png
[04-puppy] saved -> C:\Users\kailu\Claude_Projects\wooffy-dog-breeds\sample-images\tibetan-terrier\04-puppy.png
  uploading 02-grooming to Shopify Files...
[02-grooming.png] staging...
[02-grooming.png] registering...
[02-grooming.png] polling for CDN URL...
[02-grooming.png] -> https://cdn.shopify.com/s/files/1/0554/5253/2790/files/02-grooming_b2406b86-c3fb-47d5-8b82-9b1869776c0c.png?v=1777579931
  uploading 03-lifestyle to Shopify Files...
[03-lifestyle.png] staging...
[03-lifestyle.png] registering...
[03-lifestyle.png] polling for CDN URL...
[03-lifestyle.png] -> https://cdn.shopify.com/s/files/1/0554/5253/2790/files/03-lifestyle_fbed5f33-7991-4d1f-9d77-53f0b2dbb7d5.png?v=1777579946
  uploading 01-adult-portrait to Shopify Files...
[01-adult-portrait.png] staging...
[01-adult-portrait.png] registering...
[01-adult-portrait.png] polling for CDN URL...
[01-adult-portrait.png] -> https://cdn.shopify.com/s/files/1/0554/5253/2790/files/01-adult-portrait_ee41c723-e0c7-4e46-8f2e-52549ba23700.png?v=1777579951
  uploading 04-puppy to Shopify Files...
[04-puppy.png] staging...
[04-puppy.png] registering...
[04-puppy.png] polling for CDN URL...
[04-puppy.png] -> https://cdn.shopify.com/s/files/1/0554/5253/2790/files/04-puppy_4121b0ca-4a62-4dfc-bf05-9199f917843e.png?v=1777579961
  ok (815s elapsed, ~181s ETA)

[19/22] toy-fox-terrier
  generating 4 images for toy-fox-terrier...
[01-adult-portrait] submitting
[02-grooming] submitting
[03-lifestyle] submitting
[04-puppy] submitting
[02-grooming] request_id=019de005-b21a-75f1-8477-7b2598b492b9
[01-adult-portrait] request_id=019de005-b21a-7573-8997-f1f95a64973d
[03-lifestyle] request_id=019de005-b21d-7352-af98-0ccaaeb7b093
[04-puppy] request_id=019de005-b21e-7072-98a1-998d8a3fb908
  [01-adult-portrait] IN_QUEUE ...
  [04-puppy] IN_QUEUE ...
  [03-lifestyle] IN_QUEUE ...
  [02-grooming] IN_QUEUE ...
  [01-adult-portrait] IN_PROGRESS ...
  [03-lifestyle] IN_PROGRESS ...
  [04-puppy] IN_PROGRESS ...
  [02-grooming] IN_PROGRESS ...
  [03-lifestyle] IN_PROGRESS ...
  [04-puppy] IN_PROGRESS ...
  [02-grooming] IN_PROGRESS ...
  [01-adult-portrait] IN_PROGRESS ...
  [02-grooming] IN_PROGRESS ...
  [01-adult-portrait] IN_PROGRESS ...
  [04-puppy] IN_PROGRESS ...
  [03-lifestyle] IN_PROGRESS ...
  [02-grooming] IN_PROGRESS ...
  [01-adult-portrait] IN_PROGRESS ...
  [03-lifestyle] IN_PROGRESS ...
  [04-puppy] IN_PROGRESS ...
  [03-lifestyle] IN_PROGRESS ...
  [01-adult-portrait] IN_PROGRESS ...
  [04-puppy] IN_PROGRESS ...
  [02-grooming] IN_PROGRESS ...
  [04-puppy] IN_PROGRESS ...
  [03-lifestyle] IN_PROGRESS ...
  [02-grooming] IN_PROGRESS ...
[01-adult-portrait] saved -> C:\Users\kailu\Claude_Projects\wooffy-dog-breeds\sample-images\toy-fox-terrier\01-adult-portrait.png
[03-lifestyle] saved -> C:\Users\kailu\Claude_Projects\wooffy-dog-breeds\sample-images\toy-fox-terrier\03-lifestyle.png
[02-grooming] saved -> C:\Users\kailu\Claude_Projects\wooffy-dog-breeds\sample-images\toy-fox-terrier\02-grooming.png
[04-puppy] saved -> C:\Users\kailu\Claude_Projects\wooffy-dog-breeds\sample-images\toy-fox-terrier\04-puppy.png
  uploading 01-adult-portrait to Shopify Files...
[01-adult-portrait.png] staging...
[01-adult-portrait.png] registering...
[01-adult-portrait.png] polling for CDN URL...
[01-adult-portrait.png] -> https://cdn.shopify.com/s/files/1/0554/5253/2790/files/01-adult-portrait_ccdd054f-8898-4280-8608-bbae871dafd0.png?v=1777580004
  uploading 03-lifestyle to Shopify Files...
[03-lifestyle.png] staging...
[03-lifestyle.png] registering...
[03-lifestyle.png] polling for CDN URL...
[03-lifestyle.png] -> https://cdn.shopify.com/s/files/1/0554/5253/2790/files/03-lifestyle_799b05f9-b53c-471e-9952-5194a6e888c1.png?v=1777580008
  uploading 02-grooming to Shopify Files...
[02-grooming.png] staging...
[02-grooming.png] registering...
[02-grooming.png] polling for CDN URL...
[02-grooming.png] -> https://cdn.shopify.com/s/files/1/0554/5253/2790/files/02-grooming_b8447b84-73ba-4e8f-bdf3-9aab25d16955.png?v=1777580012
  uploading 04-puppy to Shopify Files...
[04-puppy.png] staging...
[04-puppy.png] registering...
[04-puppy.png] polling for CDN URL...
[04-puppy.png] -> https://cdn.shopify.com/s/files/1/0554/5253/2790/files/04-puppy_220ff0cd-1055-4e6f-bcd5-90b279c16af8.png?v=1777580017
  ok (870s elapsed, ~137s ETA)

[20/22] welsh-terrier
  generating 4 images for welsh-terrier...
[01-adult-portrait] submitting
[02-grooming] submitting
[03-lifestyle] submitting
[04-puppy] submitting
[03-lifestyle] request_id=019de006-8b13-73c0-86b9-eb4f78c90175
[04-puppy] request_id=019de006-8b15-7031-9619-ee9ccd24ebc6
[02-grooming] request_id=019de006-8b17-7630-b3af-4dd62ecd6ea8
[01-adult-portrait] request_id=019de006-8b18-7602-87a2-5b4a5d4f4c2b
  [03-lifestyle] IN_PROGRESS ...
  [04-puppy] IN_PROGRESS ...
  [01-adult-portrait] IN_PROGRESS ...
  [02-grooming] IN_PROGRESS ...
  [03-lifestyle] IN_PROGRESS ...
  [04-puppy] IN_PROGRESS ...
  [02-grooming] IN_PROGRESS ...
  [01-adult-portrait] IN_PROGRESS ...
  [04-puppy] IN_PROGRESS ...
  [03-lifestyle] IN_PROGRESS ...
  [01-adult-portrait] IN_PROGRESS ...
  [02-grooming] IN_PROGRESS ...
  [04-puppy] IN_PROGRESS ...
  [03-lifestyle] IN_PROGRESS ...
  [01-adult-portrait] IN_PROGRESS ...
  [02-grooming] IN_PROGRESS ...
  [03-lifestyle] IN_PROGRESS ...
  [04-puppy] IN_PROGRESS ...
  [01-adult-portrait] IN_PROGRESS ...
  [02-grooming] IN_PROGRESS ...
  [04-puppy] IN_PROGRESS ...
  [03-lifestyle] IN_PROGRESS ...
  [01-adult-portrait] IN_PROGRESS ...
  [02-grooming] IN_PROGRESS ...
  [04-puppy] IN_PROGRESS ...
  [01-adult-portrait] IN_PROGRESS ...
  [03-lifestyle] IN_PROGRESS ...
  [02-grooming] IN_PROGRESS ...
  [03-lifestyle] IN_PROGRESS ...
[03-lifestyle] saved -> C:\Users\kailu\Claude_Projects\wooffy-dog-breeds\sample-images\welsh-terrier\03-lifestyle.png
[01-adult-portrait] saved -> C:\Users\kailu\Claude_Projects\wooffy-dog-breeds\sample-images\welsh-terrier\01-adult-portrait.png
[04-puppy] saved -> C:\Users\kailu\Claude_Projects\wooffy-dog-breeds\sample-images\welsh-terrier\04-puppy.png
[02-grooming] saved -> C:\Users\kailu\Claude_Projects\wooffy-dog-breeds\sample-images\welsh-terrier\02-grooming.png
  uploading 03-lifestyle to Shopify Files...
[03-lifestyle.png] staging...
[03-lifestyle.png] registering...
[03-lifestyle.png] polling for CDN URL...
[03-lifestyle.png] -> https://cdn.shopify.com/s/files/1/0554/5253/2790/files/03-lifestyle_699c4275-4b73-486a-8c25-f23f274ee5b6.png?v=1777580074
  uploading 01-adult-portrait to Shopify Files...
[01-adult-portrait.png] staging...
[01-adult-portrait.png] registering...
[01-adult-portrait.png] polling for CDN URL...
[01-adult-portrait.png] -> https://cdn.shopify.com/s/files/1/0554/5253/2790/files/01-adult-portrait_a664d025-89a4-498a-8af8-ba6d2bc08acd.png?v=1777580079
  uploading 04-puppy to Shopify Files...
[04-puppy.png] staging...
[04-puppy.png] registering...
[04-puppy.png] polling for CDN URL...
[04-puppy.png] -> https://cdn.shopify.com/s/files/1/0554/5253/2790/files/04-puppy_aebc5e66-2078-4130-b81e-4935b63fbcc8.png?v=1777580085
  uploading 02-grooming to Shopify Files...
[02-grooming.png] staging...
[02-grooming.png] registering...
[02-grooming.png] polling for CDN URL...
[02-grooming.png] -> https://cdn.shopify.com/s/files/1/0554/5253/2790/files/02-grooming_560dd90e-3e14-4fcb-aeac-966be3cc1ab4.png?v=1777580088
  ok (942s elapsed, ~94s ETA)

[21/22] wire-fox-terrier
  generating 4 images for wire-fox-terrier...
[01-adult-portrait] submitting
[02-grooming] submitting
[03-lifestyle] submitting
[04-puppy] submitting
[04-puppy] request_id=019de007-a2d7-7061-8b4e-674a2fe8a33f
[02-grooming] request_id=019de007-a2d6-7dd2-9155-1a9e381ba401
[03-lifestyle] request_id=019de007-a2f1-7a00-b09d-5772f36575b3
[01-adult-portrait] request_id=019de007-a2f0-7721-8a5c-052493dfe53b
  [04-puppy] IN_QUEUE ...
  [02-grooming] IN_QUEUE ...
  [01-adult-portrait] IN_QUEUE ...
  [03-lifestyle] IN_QUEUE ...
  [04-puppy] IN_PROGRESS ...
  [02-grooming] IN_PROGRESS ...
  [03-lifestyle] IN_PROGRESS ...
  [01-adult-portrait] IN_PROGRESS ...
  [04-puppy] IN_PROGRESS ...
  [02-grooming] IN_PROGRESS ...
  [03-lifestyle] IN_PROGRESS ...
  [01-adult-portrait] IN_PROGRESS ...
  [04-puppy] IN_PROGRESS ...
  [02-grooming] IN_PROGRESS ...
  [01-adult-portrait] IN_PROGRESS ...
  [03-lifestyle] IN_PROGRESS ...
  [04-puppy] IN_PROGRESS ...
  [03-lifestyle] IN_PROGRESS ...
  [02-grooming] IN_PROGRESS ...
  [01-adult-portrait] IN_PROGRESS ...
  [04-puppy] IN_PROGRESS ...
  [03-lifestyle] IN_PROGRESS ...
  [02-grooming] IN_PROGRESS ...
  [01-adult-portrait] IN_PROGRESS ...
  [04-puppy] IN_PROGRESS ...
  [02-grooming] IN_PROGRESS ...
  [03-lifestyle] IN_PROGRESS ...
  [01-adult-portrait] IN_PROGRESS ...
  [04-puppy] IN_PROGRESS ...
  [03-lifestyle] IN_PROGRESS ...
  [02-grooming] IN_PROGRESS ...
[01-adult-portrait] saved -> C:\Users\kailu\Claude_Projects\wooffy-dog-breeds\sample-images\wire-fox-terrier\01-adult-portrait.png
  [04-puppy] IN_PROGRESS ...
  [02-grooming] IN_PROGRESS ...
  [03-lifestyle] IN_PROGRESS ...
  [03-lifestyle] IN_PROGRESS ...
[02-grooming] saved -> C:\Users\kailu\Claude_Projects\wooffy-dog-breeds\sample-images\wire-fox-terrier\02-grooming.png
[04-puppy] saved -> C:\Users\kailu\Claude_Projects\wooffy-dog-breeds\sample-images\wire-fox-terrier\04-puppy.png
[03-lifestyle] saved -> C:\Users\kailu\Claude_Projects\wooffy-dog-breeds\sample-images\wire-fox-terrier\03-lifestyle.png
  uploading 01-adult-portrait to Shopify Files...
[01-adult-portrait.png] staging...
[01-adult-portrait.png] registering...
[01-adult-portrait.png] polling for CDN URL...
[01-adult-portrait.png] -> https://cdn.shopify.com/s/files/1/0554/5253/2790/files/01-adult-portrait_39ac0dce-1d5c-42db-8ff2-41d1ac7fbd54.png?v=1777580136
  uploading 02-grooming to Shopify Files...
[02-grooming.png] staging...
[02-grooming.png] registering...
[02-grooming.png] polling for CDN URL...
[02-grooming.png] -> https://cdn.shopify.com/s/files/1/0554/5253/2790/files/02-grooming_78ff5855-0e51-4cb9-b07b-e8885fa16b91.png?v=1777580140
  uploading 04-puppy to Shopify Files...
[04-puppy.png] staging...
[04-puppy.png] registering...
[04-puppy.png] polling for CDN URL...
[04-puppy.png] -> https://cdn.shopify.com/s/files/1/0554/5253/2790/files/04-puppy_ca3df7b9-a2f4-4be7-937e-4ab1045fb2f9.png?v=1777580146
  uploading 03-lifestyle to Shopify Files...
[03-lifestyle.png] staging...
[03-lifestyle.png] registering...
[03-lifestyle.png] polling for CDN URL...
[03-lifestyle.png] -> https://cdn.shopify.com/s/files/1/0554/5253/2790/files/03-lifestyle_9199035a-ebc0-4530-9656-58b91c702820.png?v=1777580150
  ok (1006s elapsed, ~48s ETA)

[22/22] xoloitzcuintli
  generating 4 images for xoloitzcuintli...
[01-adult-portrait] submitting
[02-grooming] submitting
[03-lifestyle] submitting
[04-puppy] submitting
[03-lifestyle] request_id=019de008-9b70-7df0-9f82-8a76729d4a5e
[01-adult-portrait] request_id=019de008-9b70-7103-92ea-7ed7a0095cba
[04-puppy] request_id=019de008-9b72-7cc0-84e9-987bd241fe40
[02-grooming] request_id=019de008-9b72-7292-b556-43f0a9b74ac4
  [03-lifestyle] IN_QUEUE ...
  [01-adult-portrait] IN_QUEUE ...
  [02-grooming] IN_QUEUE ...
  [04-puppy] IN_QUEUE ...
  [03-lifestyle] IN_PROGRESS ...
  [01-adult-portrait] IN_PROGRESS ...
  [04-puppy] IN_PROGRESS ...
  [02-grooming] IN_PROGRESS ...
  [03-lifestyle] IN_PROGRESS ...
  [01-adult-portrait] IN_PROGRESS ...
  [04-puppy] IN_PROGRESS ...
  [02-grooming] IN_PROGRESS ...
  [01-adult-portrait] IN_PROGRESS ...
  [04-puppy] IN_PROGRESS ...
  [03-lifestyle] IN_PROGRESS ...
  [02-grooming] IN_PROGRESS ...
  [03-lifestyle] IN_PROGRESS ...
  [01-adult-portrait] IN_PROGRESS ...
  [04-puppy] IN_PROGRESS ...
  [02-grooming] IN_PROGRESS ...
  [01-adult-portrait] IN_PROGRESS ...
  [02-grooming] IN_PROGRESS ...
  [04-puppy] IN_PROGRESS ...
  [03-lifestyle] IN_PROGRESS ...
  [02-grooming] IN_PROGRESS ...
  [04-puppy] IN_PROGRESS ...
  [01-adult-portrait] IN_PROGRESS ...
  [03-lifestyle] IN_PROGRESS ...
  [01-adult-portrait] IN_PROGRESS ...
  [04-puppy] IN_PROGRESS ...
[02-grooming] saved -> C:\Users\kailu\Claude_Projects\wooffy-dog-breeds\sample-images\xoloitzcuintli\02-grooming.png
[03-lifestyle] saved -> C:\Users\kailu\Claude_Projects\wooffy-dog-breeds\sample-images\xoloitzcuintli\03-lifestyle.png
  [01-adult-portrait] IN_PROGRESS ...
[01-adult-portrait] saved -> C:\Users\kailu\Claude_Projects\wooffy-dog-breeds\sample-images\xoloitzcuintli\01-adult-portrait.png
[04-puppy] saved -> C:\Users\kailu\Claude_Projects\wooffy-dog-breeds\sample-images\xoloitzcuintli\04-puppy.png
  uploading 02-grooming to Shopify Files...
[02-grooming.png] staging...
[02-grooming.png] registering...
[02-grooming.png] polling for CDN URL...
[02-grooming.png] -> https://cdn.shopify.com/s/files/1/0554/5253/2790/files/02-grooming_ec29846b-090b-4e32-9bc7-5ef5ef7c8154.png?v=1777580208
  uploading 03-lifestyle to Shopify Files...
[03-lifestyle.png] staging...
[03-lifestyle.png] registering...
[03-lifestyle.png] polling for CDN URL...
[03-lifestyle.png] -> https://cdn.shopify.com/s/files/1/0554/5253/2790/files/03-lifestyle_de7d1d55-d0a7-4120-80df-7046d9ac7e10.png?v=1777580211
  uploading 01-adult-portrait to Shopify Files...
[01-adult-portrait.png] staging...
[01-adult-portrait.png] registering...
[01-adult-portrait.png] polling for CDN URL...
[01-adult-portrait.png] -> https://cdn.shopify.com/s/files/1/0554/5253/2790/files/01-adult-portrait_5c1815d2-f3f2-4984-92e7-e2bd725cf29c.png?v=1777580215
  uploading 04-puppy to Shopify Files...
[04-puppy.png] staging...
[04-puppy.png] registering...
[04-puppy.png] polling for CDN URL...
[04-puppy.png] -> https://cdn.shopify.com/s/files/1/0554/5253/2790/files/04-puppy_bb575d3b-25eb-479f-9ccb-807d8755c635.png?v=1777580219
  ok (1073s elapsed, ~0s ETA)
