[card] best-dogs-for-active-people.json -> german-shorthaired-pointer: https://upload.wikimedia.org/wikipedia/commons/3/38/Duitse_staande_korthaar_10-1 => https://cdn.shopify.com/s/files/1/0554/5253/2790/files/01-adult-portrait_7796059
[card] best-dogs-for-active-people.json -> australian-shepherd: https://upload.wikimedia.org/wikipedia/commons/thumb/8/80/Australian_Shepherd_re => https://cdn.shopify.com/s/files/1/0554/5253/2790/files/01-adult-portrait_077f2c3
[card] best-dogs-for-active-people.json -> german-shepherd-dog: https://upload.wikimedia.org/wikipedia/commons/d/d0/German_Shepherd_-_DSC_0346_% => https://cdn.shopify.com/s/files/1/0554/5253/2790/files/01-adult-portrait_4913c9f
[card] best-dogs-for-active-people.json -> labrador-retriever: https://upload.wikimedia.org/wikipedia/commons/thumb/3/34/Labrador_on_Quantock_% => https://cdn.shopify.com/s/files/1/0554/5253/2790/files/01-adult-portrait_e3c0700
[card] best-dogs-for-active-people.json -> doberman-pinscher: https://upload.wikimedia.org/wikipedia/commons/thumb/a/ac/Dobermann_handling.jpg => https://cdn.shopify.com/s/files/1/0554/5253/2790/files/01-adult-portrait_2f8c891
[card] best-dogs-for-active-people.json -> siberian-husky: https://upload.wikimedia.org/wikipedia/commons/8/8b/Husky_L.jpg => https://cdn.shopify.com/s/files/1/0554/5253/2790/files/01-adult-portrait_2af4103
[card] best-dogs-for-active-people.json -> whippet: https://upload.wikimedia.org/wikipedia/commons/thumb/7/76/Whippet_2018_6.jpg/128 => https://cdn.shopify.com/s/files/1/0554/5253/2790/files/01-adult-portrait_40933de
[card] best-dogs-for-active-people.json -> pembroke-welsh-corgi: https://upload.wikimedia.org/wikipedia/commons/thumb/9/99/Welsh_Pembroke_Corgi.j => https://cdn.shopify.com/s/files/1/0554/5253/2790/files/01-adult-portrait_5a10301
[card] best-dogs-for-cold-climates.json -> siberian-husky: https://upload.wikimedia.org/wikipedia/commons/8/8b/Husky_L.jpg => https://cdn.shopify.com/s/files/1/0554/5253/2790/files/01-adult-portrait_2af4103
[card] best-dogs-for-cold-climates.json -> alaskan-malamute: https://upload.wikimedia.org/wikipedia/commons/9/9f/Alaskan_Malamute.jpg => https://cdn.shopify.com/s/files/1/0554/5253/2790/files/01-adult-portrait_f0b6359
[card] best-dogs-for-cold-climates.json -> samoyed: https://upload.wikimedia.org/wikipedia/commons/thumb/1/18/Samojed00.jpg/1280px-S => https://cdn.shopify.com/s/files/1/0554/5253/2790/files/01-adult-portrait_aa1c9c6
[card] best-dogs-for-cold-climates.json -> norwegian-elkhound: https://upload.wikimedia.org/wikipedia/commons/3/32/Elkhound2020_%28cropped%29.j => https://cdn.shopify.com/s/files/1/0554/5253/2790/files/01-adult-portrait_785c3b3
[card] best-dogs-for-cold-climates.json -> finnish-lapphund: https://upload.wikimedia.org/wikipedia/commons/a/a6/Finnish_Lapphund_Glenchess_R => https://upload.wikimedia.org/wikipedia/commons/thumb/a/a6/Finnish_Lapphund_Glenc
[card] best-dogs-for-cold-climates.json -> great-pyrenees: https://upload.wikimedia.org/wikipedia/commons/thumb/0/02/Great_Pyrenees_Mountai => https://cdn.shopify.com/s/files/1/0554/5253/2790/files/01-adult-portrait_fc60fab
[card] best-dogs-for-cold-climates.json -> bernese-mountain-dog: https://upload.wikimedia.org/wikipedia/commons/thumb/c/cc/3-BerneseMountainDogIn => https://cdn.shopify.com/s/files/1/0554/5253/2790/files/01-adult-portrait_9ad49b1
[card] best-dogs-for-cold-climates.json -> akita: https://upload.wikimedia.org/wikipedia/commons/a/af/Akita_Collage.png => https://cdn.shopify.com/s/files/1/0554/5253/2790/files/01-adult-portrait_00170be
[card] best-dogs-for-cold-climates.json -> saint-bernard: https://upload.wikimedia.org/wikipedia/commons/thumb/6/64/Hummel_Vedor_vd_Roband => https://cdn.shopify.com/s/files/1/0554/5253/2790/files/01-adult-portrait_7a87f5b
[card] best-dogs-for-cold-climates.json -> icelandic-sheepdog: https://upload.wikimedia.org/wikipedia/commons/7/74/Icelandic_Sheepdog_Alisa_von => https://upload.wikimedia.org/wikipedia/commons/thumb/7/74/Icelandic_Sheepdog_Ali
[card] best-dogs-for-first-time-owners.json -> labrador-retriever: https://upload.wikimedia.org/wikipedia/commons/thumb/3/34/Labrador_on_Quantock_% => https://cdn.shopify.com/s/files/1/0554/5253/2790/files/01-adult-portrait_e3c0700
[card] best-dogs-for-first-time-owners.json -> golden-retriever: https://upload.wikimedia.org/wikipedia/commons/b/bd/Golden_Retriever_Dukedestiny => https://cdn.shopify.com/s/files/1/0554/5253/2790/files/01-adult-portrait_b80e20f
[card] best-dogs-for-first-time-owners.json -> cavalier-king-charles-spaniel: https://upload.wikimedia.org/wikipedia/commons/5/5f/CarterBIS.Tiki.13.6.09.jpg => https://cdn.shopify.com/s/files/1/0554/5253/2790/files/01-adult-portrait_d1ba681
[card] best-dogs-for-first-time-owners.json -> bichon-frise: https://upload.wikimedia.org/wikipedia/commons/thumb/9/93/Bichon_Fris%C3%A9_-_st => https://cdn.shopify.com/s/files/1/0554/5253/2790/files/01-adult-portrait_f18b194
[card] best-dogs-for-first-time-owners.json -> cocker-spaniel: https://upload.wikimedia.org/wikipedia/commons/2/28/Gessa_d%27Aran_Copo_de_Nieve => https://cdn.shopify.com/s/files/1/0554/5253/2790/files/01-adult-portrait_88e4928
[card] best-dogs-for-first-time-owners.json -> miniature-poodle: https://upload.wikimedia.org/wikipedia/commons/thumb/f/f8/Full_attention_%288067 => https://cdn.shopify.com/s/files/1/0554/5253/2790/files/01-adult-portrait_0f877e0
[card] best-dogs-for-first-time-owners.json -> whippet: https://upload.wikimedia.org/wikipedia/commons/thumb/7/76/Whippet_2018_6.jpg/128 => https://cdn.shopify.com/s/files/1/0554/5253/2790/files/01-adult-portrait_40933de
[card] best-dogs-for-first-time-owners.json -> beagle: https://upload.wikimedia.org/wikipedia/commons/5/55/Beagle_600.jpg => https://cdn.shopify.com/s/files/1/0554/5253/2790/files/01-adult-portrait_cd2e0ed
[card] best-dogs-for-hiking.json -> siberian-husky: https://upload.wikimedia.org/wikipedia/commons/8/8b/Husky_L.jpg => https://cdn.shopify.com/s/files/1/0554/5253/2790/files/01-adult-portrait_2af4103
[card] best-dogs-for-hiking.json -> labrador-retriever: https://upload.wikimedia.org/wikipedia/commons/thumb/3/34/Labrador_on_Quantock_% => https://cdn.shopify.com/s/files/1/0554/5253/2790/files/01-adult-portrait_e3c0700
[card] best-dogs-for-hiking.json -> australian-shepherd: https://upload.wikimedia.org/wikipedia/commons/thumb/8/80/Australian_Shepherd_re => https://cdn.shopify.com/s/files/1/0554/5253/2790/files/01-adult-portrait_077f2c3
[card] best-dogs-for-hiking.json -> vizsla: https://upload.wikimedia.org/wikipedia/commons/thumb/f/f9/Hungarian_Vizsla.jpg/1 => https://cdn.shopify.com/s/files/1/0554/5253/2790/files/01-adult-portrait_0bfaf41
[card] best-dogs-for-hiking.json -> rhodesian-ridgeback: https://upload.wikimedia.org/wikipedia/commons/0/01/Rhodesian_ridgeback.jpg => https://cdn.shopify.com/s/files/1/0554/5253/2790/files/01-adult-portrait_0d89dcc
[card] best-dogs-for-hiking.json -> border-collie: https://upload.wikimedia.org/wikipedia/commons/e/e4/Border_Collie_600.jpg => https://cdn.shopify.com/s/files/1/0554/5253/2790/files/01-adult-portrait_9c1274b
[card] best-dogs-for-hiking.json -> weimaraner: https://upload.wikimedia.org/wikipedia/commons/thumb/5/59/Weimaraner_Freika-2.jp => https://cdn.shopify.com/s/files/1/0554/5253/2790/files/01-adult-portrait_6f02c63
[card] best-dogs-for-hiking.json -> golden-retriever: https://upload.wikimedia.org/wikipedia/commons/b/bd/Golden_Retriever_Dukedestiny => https://cdn.shopify.com/s/files/1/0554/5253/2790/files/01-adult-portrait_b80e20f
[card] best-dogs-for-hiking.json -> german-shepherd-dog: https://upload.wikimedia.org/wikipedia/commons/d/d0/German_Shepherd_-_DSC_0346_% => https://cdn.shopify.com/s/files/1/0554/5253/2790/files/01-adult-portrait_4913c9f
[card] best-dogs-for-hot-climates.json -> vizsla: https://upload.wikimedia.org/wikipedia/commons/thumb/f/f9/Hungarian_Vizsla.jpg/1 => https://cdn.shopify.com/s/files/1/0554/5253/2790/files/01-adult-portrait_0bfaf41
[card] best-dogs-for-hot-climates.json -> dalmatian: https://upload.wikimedia.org/wikipedia/commons/6/68/Sun_Dog_Dalmatian.jpg => https://cdn.shopify.com/s/files/1/0554/5253/2790/files/01-adult-portrait_33b3c67
[card] best-dogs-for-hot-climates.json -> basenji: https://upload.wikimedia.org/wikipedia/commons/c/c5/Basenji_Profile_%28loosercro => https://cdn.shopify.com/s/files/1/0554/5253/2790/files/01-adult-portrait_5fc378e
[card] best-dogs-for-hot-climates.json -> greyhound: https://upload.wikimedia.org/wikipedia/commons/e/ef/GraceTheGreyhound.jpg => https://cdn.shopify.com/s/files/1/0554/5253/2790/files/01-adult-portrait_4f40370
[card] best-dogs-for-hot-climates.json -> italian-greyhound: https://upload.wikimedia.org/wikipedia/commons/thumb/5/5d/Italian_Greyhound_stan => https://cdn.shopify.com/s/files/1/0554/5253/2790/files/01-adult-portrait_2742dc6
[card] best-dogs-for-hot-climates.json -> weimaraner: https://upload.wikimedia.org/wikipedia/commons/thumb/5/59/Weimaraner_Freika-2.jp => https://cdn.shopify.com/s/files/1/0554/5253/2790/files/01-adult-portrait_6f02c63
[card] best-dogs-for-hot-climates.json -> australian-cattle-dog: https://upload.wikimedia.org/wikipedia/commons/c/cc/ACD-blue-spud.jpg => https://cdn.shopify.com/s/files/1/0554/5253/2790/files/01-adult-portrait_cc75145
[card] best-dogs-for-hot-climates.json -> ibizan-hound: https://upload.wikimedia.org/wikipedia/commons/e/ef/Podenco_z_ibizy_645.jpg => https://cdn.shopify.com/s/files/1/0554/5253/2790/files/01-adult-portrait_0e2ad79
[card] best-dogs-for-hot-climates.json -> saluki: https://upload.wikimedia.org/wikipedia/commons/thumb/3/31/Red_Smooth_Saluki.jpg/ => https://cdn.shopify.com/s/files/1/0554/5253/2790/files/01-adult-portrait_3b4b1cd
[card] best-dogs-for-hot-climates.json -> pharaoh-hound: https://upload.wikimedia.org/wikipedia/commons/thumb/5/51/Pies_faraona_e34.jpg/1 => https://cdn.shopify.com/s/files/1/0554/5253/2790/files/01-adult-portrait_0127bc4
[card] best-dogs-for-seniors.json -> cavalier-king-charles-spaniel: https://upload.wikimedia.org/wikipedia/commons/5/5f/CarterBIS.Tiki.13.6.09.jpg => https://cdn.shopify.com/s/files/1/0554/5253/2790/files/01-adult-portrait_d1ba681
[card] best-dogs-for-seniors.json -> maltese: https://upload.wikimedia.org/wikipedia/commons/9/94/Maltese_600.jpg => https://cdn.shopify.com/s/files/1/0554/5253/2790/files/01-adult-portrait_52b2e29
[card] best-dogs-for-seniors.json -> shih-tzu: https://upload.wikimedia.org/wikipedia/commons/d/df/Shihtzu_%28cropped%29.jpg => https://cdn.shopify.com/s/files/1/0554/5253/2790/files/01-adult-portrait_a345cc2
[card] best-dogs-for-seniors.json -> standard-poodle: https://upload.wikimedia.org/wikipedia/commons/thumb/f/f8/Full_attention_%288067 => https://cdn.shopify.com/s/files/1/0554/5253/2790/files/01-adult-portrait_e07879b
[card] best-dogs-for-seniors.json -> bichon-frise: https://upload.wikimedia.org/wikipedia/commons/thumb/9/93/Bichon_Fris%C3%A9_-_st => https://cdn.shopify.com/s/files/1/0554/5253/2790/files/01-adult-portrait_f18b194
[card] best-dogs-for-seniors.json -> cocker-spaniel: https://upload.wikimedia.org/wikipedia/commons/2/28/Gessa_d%27Aran_Copo_de_Nieve => https://cdn.shopify.com/s/files/1/0554/5253/2790/files/01-adult-portrait_88e4928
[card] best-dogs-for-seniors.json -> basset-hound: https://upload.wikimedia.org/wikipedia/commons/c/cf/BassetHound_profil.jpg => https://cdn.shopify.com/s/files/1/0554/5253/2790/files/01-adult-portrait_54e63a0
[card] best-dogs-for-seniors.json -> pug: https://upload.wikimedia.org/wikipedia/commons/f/f3/Mops-duke-mopszucht-vom-maeg => https://cdn.shopify.com/s/files/1/0554/5253/2790/files/01-adult-portrait_652114a
[card] best-dogs-for-seniors.json -> pembroke-welsh-corgi: https://upload.wikimedia.org/wikipedia/commons/thumb/9/99/Welsh_Pembroke_Corgi.j => https://cdn.shopify.com/s/files/1/0554/5253/2790/files/01-adult-portrait_5a10301
[card] best-dogs-for-seniors.json -> havanese: https://upload.wikimedia.org/wikipedia/commons/thumb/e/ed/A_Havanese_judging.jpg => https://cdn.shopify.com/s/files/1/0554/5253/2790/files/01-adult-portrait_f72f8e4
[card] best-dogs-for-small-apartments.json -> french-bulldog: https://upload.wikimedia.org/wikipedia/commons/1/18/2008-07-28_Dog_at_Frolick_Fi => https://cdn.shopify.com/s/files/1/0554/5253/2790/files/01-adult-portrait_89bf4fb
[card] best-dogs-for-small-apartments.json -> cavalier-king-charles-spaniel: https://upload.wikimedia.org/wikipedia/commons/5/5f/CarterBIS.Tiki.13.6.09.jpg => https://cdn.shopify.com/s/files/1/0554/5253/2790/files/01-adult-portrait_d1ba681
[card] best-dogs-for-small-apartments.json -> shih-tzu: https://upload.wikimedia.org/wikipedia/commons/d/df/Shihtzu_%28cropped%29.jpg => https://cdn.shopify.com/s/files/1/0554/5253/2790/files/01-adult-portrait_a345cc2
[card] best-dogs-for-small-apartments.json -> bichon-frise: https://upload.wikimedia.org/wikipedia/commons/thumb/9/93/Bichon_Fris%C3%A9_-_st => https://cdn.shopify.com/s/files/1/0554/5253/2790/files/01-adult-portrait_f18b194
[card] best-dogs-for-small-apartments.json -> maltese: https://upload.wikimedia.org/wikipedia/commons/9/94/Maltese_600.jpg => https://cdn.shopify.com/s/files/1/0554/5253/2790/files/01-adult-portrait_52b2e29
[card] best-dogs-for-small-apartments.json -> miniature-poodle: https://upload.wikimedia.org/wikipedia/commons/thumb/f/f8/Full_attention_%288067 => https://cdn.shopify.com/s/files/1/0554/5253/2790/files/01-adult-portrait_0f877e0
[card] best-dogs-for-small-apartments.json -> greyhound: https://upload.wikimedia.org/wikipedia/commons/e/ef/GraceTheGreyhound.jpg => https://cdn.shopify.com/s/files/1/0554/5253/2790/files/01-adult-portrait_4f40370
[card] best-dogs-for-small-apartments.json -> whippet: https://upload.wikimedia.org/wikipedia/commons/thumb/7/76/Whippet_2018_6.jpg/128 => https://cdn.shopify.com/s/files/1/0554/5253/2790/files/01-adult-portrait_40933de
[card] best-family-dog-breeds.json -> labrador-retriever: https://upload.wikimedia.org/wikipedia/commons/thumb/3/34/Labrador_on_Quantock_% => https://cdn.shopify.com/s/files/1/0554/5253/2790/files/01-adult-portrait_e3c0700
[card] best-family-dog-breeds.json -> golden-retriever: https://upload.wikimedia.org/wikipedia/commons/b/bd/Golden_Retriever_Dukedestiny => https://cdn.shopify.com/s/files/1/0554/5253/2790/files/01-adult-portrait_b80e20f
[card] best-family-dog-breeds.json -> beagle: https://upload.wikimedia.org/wikipedia/commons/5/55/Beagle_600.jpg => https://cdn.shopify.com/s/files/1/0554/5253/2790/files/01-adult-portrait_cd2e0ed
[card] best-family-dog-breeds.json -> cavalier-king-charles-spaniel: https://upload.wikimedia.org/wikipedia/commons/5/5f/CarterBIS.Tiki.13.6.09.jpg => https://cdn.shopify.com/s/files/1/0554/5253/2790/files/01-adult-portrait_d1ba681
[card] best-family-dog-breeds.json -> pembroke-welsh-corgi: https://upload.wikimedia.org/wikipedia/commons/thumb/9/99/Welsh_Pembroke_Corgi.j => https://cdn.shopify.com/s/files/1/0554/5253/2790/files/01-adult-portrait_5a10301
[card] best-family-dog-breeds.json -> bichon-frise: https://upload.wikimedia.org/wikipedia/commons/thumb/9/93/Bichon_Fris%C3%A9_-_st => https://cdn.shopify.com/s/files/1/0554/5253/2790/files/01-adult-portrait_f18b194
[card] best-family-dog-breeds.json -> basset-hound: https://upload.wikimedia.org/wikipedia/commons/c/cf/BassetHound_profil.jpg => https://cdn.shopify.com/s/files/1/0554/5253/2790/files/01-adult-portrait_54e63a0
[card] best-family-dog-breeds.json -> whippet: https://upload.wikimedia.org/wikipedia/commons/thumb/7/76/Whippet_2018_6.jpg/128 => https://cdn.shopify.com/s/files/1/0554/5253/2790/files/01-adult-portrait_40933de
[card] best-gentle-giant-dog-breeds.json -> great-dane: https://upload.wikimedia.org/wikipedia/commons/thumb/e/e0/Dog_niemiecki_%C5%BC%C => https://cdn.shopify.com/s/files/1/0554/5253/2790/files/01-adult-portrait_57f64e6
[card] best-gentle-giant-dog-breeds.json -> mastiff: https://upload.wikimedia.org/wikipedia/commons/thumb/7/76/The_dog_book_-_a_popul => https://cdn.shopify.com/s/files/1/0554/5253/2790/files/01-adult-portrait_df99485
[card] best-gentle-giant-dog-breeds.json -> saint-bernard: https://upload.wikimedia.org/wikipedia/commons/thumb/6/64/Hummel_Vedor_vd_Roband => https://cdn.shopify.com/s/files/1/0554/5253/2790/files/01-adult-portrait_7a87f5b
[card] best-gentle-giant-dog-breeds.json -> bernese-mountain-dog: https://upload.wikimedia.org/wikipedia/commons/thumb/c/cc/3-BerneseMountainDogIn => https://cdn.shopify.com/s/files/1/0554/5253/2790/files/01-adult-portrait_9ad49b1
[card] best-gentle-giant-dog-breeds.json -> newfoundland: https://upload.wikimedia.org/wikipedia/commons/a/a5/Newfoundland_dog_Smoky.jpg => https://cdn.shopify.com/s/files/1/0554/5253/2790/files/01-adult-portrait_2df2100
[card] best-gentle-giant-dog-breeds.json -> irish-wolfhound: https://upload.wikimedia.org/wikipedia/commons/d/da/%282%29_Irish_Wolfhound_4.jp => https://cdn.shopify.com/s/files/1/0554/5253/2790/files/01-adult-portrait_3d58ded
[card] best-gentle-giant-dog-breeds.json -> great-pyrenees: https://upload.wikimedia.org/wikipedia/commons/thumb/0/02/Great_Pyrenees_Mountai => https://cdn.shopify.com/s/files/1/0554/5253/2790/files/01-adult-portrait_fc60fab
[card] best-gentle-giant-dog-breeds.json -> leonberger: https://upload.wikimedia.org/wikipedia/commons/7/76/Leonberger_male.jpg => https://upload.wikimedia.org/wikipedia/commons/thumb/7/76/Leonberger_male.jpg/12
[card] best-gentle-giant-dog-breeds.json -> tibetan-mastiff: https://upload.wikimedia.org/wikipedia/commons/thumb/c/c1/BIR_Grupp_2-_TIBETANSK => https://cdn.shopify.com/s/files/1/0554/5253/2790/files/01-adult-portrait_970aa34
[card] best-gentle-giant-dog-breeds.json -> neapolitan-mastiff: https://upload.wikimedia.org/wikipedia/commons/c/cd/Mastino_sylwetka.jpg => https://cdn.shopify.com/s/files/1/0554/5253/2790/files/01-adult-portrait_f26dea1
[card] best-guard-dog-breeds.json -> doberman-pinscher: https://upload.wikimedia.org/wikipedia/commons/thumb/a/ac/Dobermann_handling.jpg => https://cdn.shopify.com/s/files/1/0554/5253/2790/files/01-adult-portrait_2f8c891
[card] best-guard-dog-breeds.json -> rottweiler: https://upload.wikimedia.org/wikipedia/commons/2/26/Rottweiler_standing_facing_l => https://cdn.shopify.com/s/files/1/0554/5253/2790/files/01-adult-portrait_cb44dd2
[card] best-guard-dog-breeds.json -> german-shepherd-dog: https://upload.wikimedia.org/wikipedia/commons/d/d0/German_Shepherd_-_DSC_0346_% => https://cdn.shopify.com/s/files/1/0554/5253/2790/files/01-adult-portrait_4913c9f
[card] best-guard-dog-breeds.json -> akita: https://upload.wikimedia.org/wikipedia/commons/a/af/Akita_Collage.png => https://cdn.shopify.com/s/files/1/0554/5253/2790/files/01-adult-portrait_00170be
[card] best-guard-dog-breeds.json -> mastiff: https://upload.wikimedia.org/wikipedia/commons/thumb/7/76/The_dog_book_-_a_popul => https://cdn.shopify.com/s/files/1/0554/5253/2790/files/01-adult-portrait_df99485
[card] best-guard-dog-breeds.json -> boxer: https://upload.wikimedia.org/wikipedia/commons/thumb/6/6f/Male_fawn_Boxer_undock => https://cdn.shopify.com/s/files/1/0554/5253/2790/files/01-adult-portrait_309fd0a
[card] best-guard-dog-breeds.json -> bull-terrier: https://upload.wikimedia.org/wikipedia/commons/thumb/4/4c/Bullterrier-3453301920 => https://cdn.shopify.com/s/files/1/0554/5253/2790/files/01-adult-portrait_9965212
[card] best-guard-dog-breeds.json -> american-staffordshire-terrier: https://upload.wikimedia.org/wikipedia/commons/6/66/AMERICAN_STAFFORDSHIRE_TERRI => https://cdn.shopify.com/s/files/1/0554/5253/2790/files/01-adult-portrait_155894d
[card] best-gun-dog-breeds.json -> labrador-retriever: https://upload.wikimedia.org/wikipedia/commons/thumb/3/34/Labrador_on_Quantock_% => https://cdn.shopify.com/s/files/1/0554/5253/2790/files/01-adult-portrait_e3c0700
[card] best-gun-dog-breeds.json -> golden-retriever: https://upload.wikimedia.org/wikipedia/commons/b/bd/Golden_Retriever_Dukedestiny => https://cdn.shopify.com/s/files/1/0554/5253/2790/files/01-adult-portrait_b80e20f
[card] best-gun-dog-breeds.json -> pointer: https://upload.wikimedia.org/wikipedia/commons/8/85/English_Pointer_orange-white => https://cdn.shopify.com/s/files/1/0554/5253/2790/files/01-adult-portrait_9fd2e33
[card] best-gun-dog-breeds.json -> german-shorthaired-pointer: https://upload.wikimedia.org/wikipedia/commons/3/38/Duitse_staande_korthaar_10-1 => https://cdn.shopify.com/s/files/1/0554/5253/2790/files/01-adult-portrait_7796059
[card] best-gun-dog-breeds.json -> vizsla: https://upload.wikimedia.org/wikipedia/commons/thumb/f/f9/Hungarian_Vizsla.jpg/1 => https://cdn.shopify.com/s/files/1/0554/5253/2790/files/01-adult-portrait_0bfaf41
[card] best-gun-dog-breeds.json -> english-springer-spaniel: https://upload.wikimedia.org/wikipedia/commons/c/c4/Springer_Spaniel_Wide_Shot.j => https://cdn.shopify.com/s/files/1/0554/5253/2790/files/01-adult-portrait_3cd2299
[card] best-gun-dog-breeds.json -> chesapeake-bay-retriever: https://upload.wikimedia.org/wikipedia/commons/9/97/CH_Chesapeake.jpg => https://cdn.shopify.com/s/files/1/0554/5253/2790/files/01-adult-portrait_2c4fd2e
[card] best-gun-dog-breeds.json -> wirehaired-pointing-griffon: https://upload.wikimedia.org/wikipedia/commons/8/87/GCH_Int_Ch_UCH_Zerubbabel_vo => https://cdn.shopify.com/s/files/1/0554/5253/2790/files/01-adult-portrait_8bc502d
[card] best-gun-dog-breeds.json -> brittany: https://upload.wikimedia.org/wikipedia/commons/thumb/f/fe/American_Brittany_stan => https://cdn.shopify.com/s/files/1/0554/5253/2790/files/01-adult-portrait_dd81bca
[card] best-gun-dog-breeds.json -> irish-setter: https://upload.wikimedia.org/wikipedia/commons/thumb/2/2e/Can_Setter_dog_GFDL.jp => https://cdn.shopify.com/s/files/1/0554/5253/2790/files/01-adult-portrait_037c3b3
[card] best-herding-dog-breeds.json -> border-collie: https://upload.wikimedia.org/wikipedia/commons/e/e4/Border_Collie_600.jpg => https://cdn.shopify.com/s/files/1/0554/5253/2790/files/01-adult-portrait_9c1274b
[card] best-herding-dog-breeds.json -> german-shepherd-dog: https://upload.wikimedia.org/wikipedia/commons/d/d0/German_Shepherd_-_DSC_0346_% => https://cdn.shopify.com/s/files/1/0554/5253/2790/files/01-adult-portrait_4913c9f
[card] best-herding-dog-breeds.json -> australian-shepherd: https://upload.wikimedia.org/wikipedia/commons/thumb/8/80/Australian_Shepherd_re => https://cdn.shopify.com/s/files/1/0554/5253/2790/files/01-adult-portrait_077f2c3
[card] best-herding-dog-breeds.json -> belgian-malinois: https://upload.wikimedia.org/wikipedia/commons/7/7b/Malinois_Shepherd3.JPG => https://cdn.shopify.com/s/files/1/0554/5253/2790/files/01-adult-portrait_d709838
[card] best-herding-dog-breeds.json -> pembroke-welsh-corgi: https://upload.wikimedia.org/wikipedia/commons/thumb/9/99/Welsh_Pembroke_Corgi.j => https://cdn.shopify.com/s/files/1/0554/5253/2790/files/01-adult-portrait_5a10301
[card] best-herding-dog-breeds.json -> shetland-sheepdog: https://upload.wikimedia.org/wikipedia/commons/b/b5/Shetland_Sheepdog_sable.jpg => https://cdn.shopify.com/s/files/1/0554/5253/2790/files/01-adult-portrait_54f31fe
[card] best-herding-dog-breeds.json -> australian-cattle-dog: https://upload.wikimedia.org/wikipedia/commons/c/cc/ACD-blue-spud.jpg => https://cdn.shopify.com/s/files/1/0554/5253/2790/files/01-adult-portrait_cc75145
[card] best-herding-dog-breeds.json -> bouvier-des-flandres: https://upload.wikimedia.org/wikipedia/commons/thumb/5/5e/Bouvier_des_Flandres_2 => https://upload.wikimedia.org/wikipedia/commons/thumb/7/7f/Bouvier.JPG/1200px-Bou
[card] best-herding-dog-breeds.json -> collie: https://upload.wikimedia.org/wikipedia/commons/6/6c/1Dog-rough-collie-portrait.j => https://cdn.shopify.com/s/files/1/0554/5253/2790/files/01-adult-portrait_1e0b770
[card] best-herding-dog-breeds.json -> bearded-collie: https://upload.wikimedia.org/wikipedia/commons/thumb/8/8c/Bearded_Collie_laying. => https://upload.wikimedia.org/wikipedia/commons/thumb/9/9c/Bearded_Collie_600.jpg
[card] best-hound-dog-breeds.json -> beagle: https://upload.wikimedia.org/wikipedia/commons/5/55/Beagle_600.jpg => https://cdn.shopify.com/s/files/1/0554/5253/2790/files/01-adult-portrait_cd2e0ed
[card] best-hound-dog-breeds.json -> bloodhound: https://upload.wikimedia.org/wikipedia/commons/thumb/d/d1/Bloodhound_Erland22.jp => https://cdn.shopify.com/s/files/1/0554/5253/2790/files/01-adult-portrait_2cbbc3f
[card] best-hound-dog-breeds.json -> greyhound: https://upload.wikimedia.org/wikipedia/commons/e/ef/GraceTheGreyhound.jpg => https://cdn.shopify.com/s/files/1/0554/5253/2790/files/01-adult-portrait_4f40370
[card] best-hound-dog-breeds.json -> basset-hound: https://upload.wikimedia.org/wikipedia/commons/c/cf/BassetHound_profil.jpg => https://cdn.shopify.com/s/files/1/0554/5253/2790/files/01-adult-portrait_54e63a0
[card] best-hound-dog-breeds.json -> rhodesian-ridgeback: https://upload.wikimedia.org/wikipedia/commons/0/01/Rhodesian_ridgeback.jpg => https://cdn.shopify.com/s/files/1/0554/5253/2790/files/01-adult-portrait_0d89dcc
[card] best-hound-dog-breeds.json -> afghan-hound: https://upload.wikimedia.org/wikipedia/commons/e/e8/Afghan_dog_-_cropped.jpg => https://cdn.shopify.com/s/files/1/0554/5253/2790/files/01-adult-portrait_479a196
[card] best-hound-dog-breeds.json -> irish-wolfhound: https://upload.wikimedia.org/wikipedia/commons/d/da/%282%29_Irish_Wolfhound_4.jp => https://cdn.shopify.com/s/files/1/0554/5253/2790/files/01-adult-portrait_3d58ded
[card] best-hound-dog-breeds.json -> borzoi: https://upload.wikimedia.org/wikipedia/commons/thumb/d/de/Chart_rosyjski_borzoj_ => https://cdn.shopify.com/s/files/1/0554/5253/2790/files/01-adult-portrait_90df2c9
[card] best-hound-dog-breeds.json -> scottish-deerhound: https://upload.wikimedia.org/wikipedia/commons/thumb/7/70/Karrie.JPG/1280px-Karr => https://upload.wikimedia.org/wikipedia/commons/thumb/7/70/Karrie.JPG/1200px-Karr
[card] best-hound-dog-breeds.json -> basenji: https://upload.wikimedia.org/wikipedia/commons/c/c5/Basenji_Profile_%28loosercro => https://cdn.shopify.com/s/files/1/0554/5253/2790/files/01-adult-portrait_5fc378e
[card] best-hunting-dog-breeds.json -> labrador-retriever: https://upload.wikimedia.org/wikipedia/commons/thumb/3/34/Labrador_on_Quantock_% => https://cdn.shopify.com/s/files/1/0554/5253/2790/files/01-adult-portrait_e3c0700
[card] best-hunting-dog-breeds.json -> golden-retriever: https://upload.wikimedia.org/wikipedia/commons/b/bd/Golden_Retriever_Dukedestiny => https://cdn.shopify.com/s/files/1/0554/5253/2790/files/01-adult-portrait_b80e20f
[card] best-hunting-dog-breeds.json -> beagle: https://upload.wikimedia.org/wikipedia/commons/5/55/Beagle_600.jpg => https://cdn.shopify.com/s/files/1/0554/5253/2790/files/01-adult-portrait_cd2e0ed
[card] best-hunting-dog-breeds.json -> vizsla: https://upload.wikimedia.org/wikipedia/commons/thumb/f/f9/Hungarian_Vizsla.jpg/1 => https://cdn.shopify.com/s/files/1/0554/5253/2790/files/01-adult-portrait_0bfaf41
[card] best-hunting-dog-breeds.json -> weimaraner: https://upload.wikimedia.org/wikipedia/commons/thumb/5/59/Weimaraner_Freika-2.jp => https://cdn.shopify.com/s/files/1/0554/5253/2790/files/01-adult-portrait_6f02c63
[card] best-hunting-dog-breeds.json -> german-shorthaired-pointer: https://upload.wikimedia.org/wikipedia/commons/3/38/Duitse_staande_korthaar_10-1 => https://cdn.shopify.com/s/files/1/0554/5253/2790/files/01-adult-portrait_7796059
[card] best-hunting-dog-breeds.json -> brittany: https://upload.wikimedia.org/wikipedia/commons/thumb/f/fe/American_Brittany_stan => https://cdn.shopify.com/s/files/1/0554/5253/2790/files/01-adult-portrait_dd81bca
[card] best-hunting-dog-breeds.json -> english-springer-spaniel: https://upload.wikimedia.org/wikipedia/commons/c/c4/Springer_Spaniel_Wide_Shot.j => https://cdn.shopify.com/s/files/1/0554/5253/2790/files/01-adult-portrait_3cd2299
[card] best-hunting-dog-breeds.json -> bloodhound: https://upload.wikimedia.org/wikipedia/commons/thumb/d/d1/Bloodhound_Erland22.jp => https://cdn.shopify.com/s/files/1/0554/5253/2790/files/01-adult-portrait_2cbbc3f
[card] best-hunting-dog-breeds.json -> rhodesian-ridgeback: https://upload.wikimedia.org/wikipedia/commons/0/01/Rhodesian_ridgeback.jpg => https://cdn.shopify.com/s/files/1/0554/5253/2790/files/01-adult-portrait_0d89dcc
[card] best-hypoallergenic-dog-breeds.json -> standard-poodle: https://upload.wikimedia.org/wikipedia/commons/thumb/f/f8/Full_attention_%288067 => https://cdn.shopify.com/s/files/1/0554/5253/2790/files/01-adult-portrait_e07879b
[card] best-hypoallergenic-dog-breeds.json -> portuguese-water-dog: https://upload.wikimedia.org/wikipedia/commons/0/09/C%C3%A3o_de_agua_Portugu%C3% => https://cdn.shopify.com/s/files/1/0554/5253/2790/files/01-adult-portrait_ce5fc7d
[card] best-hypoallergenic-dog-breeds.json -> bichon-frise: https://upload.wikimedia.org/wikipedia/commons/thumb/9/93/Bichon_Fris%C3%A9_-_st => https://cdn.shopify.com/s/files/1/0554/5253/2790/files/01-adult-portrait_f18b194
[card] best-hypoallergenic-dog-breeds.json -> maltese: https://upload.wikimedia.org/wikipedia/commons/9/94/Maltese_600.jpg => https://cdn.shopify.com/s/files/1/0554/5253/2790/files/01-adult-portrait_52b2e29
[card] best-hypoallergenic-dog-breeds.json -> soft-coated-wheaten-terrier: https://upload.wikimedia.org/wikipedia/commons/f/fd/Soft-Coated_Wheaten_Terrier. => https://cdn.shopify.com/s/files/1/0554/5253/2790/files/01-adult-portrait_83c94c6
[card] best-hypoallergenic-dog-breeds.json -> kerry-blue-terrier: https://upload.wikimedia.org/wikipedia/commons/thumb/8/86/Kerry_Blue_Terrier_600 => https://upload.wikimedia.org/wikipedia/commons/thumb/f/f4/Kerry_Blue_Terrier.jpg
[card] best-hypoallergenic-dog-breeds.json -> lagotto-romagnolo: https://upload.wikimedia.org/wikipedia/commons/thumb/c/cc/Bellalagotto4.jpg/1280 => https://cdn.shopify.com/s/files/1/0554/5253/2790/files/01-adult-portrait_1d4804f
[card] best-hypoallergenic-dog-breeds.json -> spanish-water-dog: https://upload.wikimedia.org/wikipedia/commons/2/2a/Perro_agua_%28cropped%29.jpg => https://upload.wikimedia.org/wikipedia/commons/thumb/2/2a/Perro_agua_%28cropped%
[card] best-hypoallergenic-dog-breeds.json -> xoloitzcuintli: https://upload.wikimedia.org/wikipedia/commons/thumb/b/bb/BIR_Grupp_5-_MEXIKANSK => https://upload.wikimedia.org/wikipedia/commons/thumb/b/bb/BIR_Grupp_5-_MEXIKANSK
[card] best-hypoallergenic-dog-breeds.json -> chinese-crested: https://upload.wikimedia.org/wikipedia/commons/thumb/6/6e/ChineseCresteddogs.jpg => https://upload.wikimedia.org/wikipedia/commons/thumb/9/97/IndyStands.jpg/1200px-
[card] best-large-dog-breeds.json -> great-dane: https://upload.wikimedia.org/wikipedia/commons/thumb/e/e0/Dog_niemiecki_%C5%BC%C => https://cdn.shopify.com/s/files/1/0554/5253/2790/files/01-adult-portrait_57f64e6
[card] best-large-dog-breeds.json -> mastiff: https://upload.wikimedia.org/wikipedia/commons/thumb/7/76/The_dog_book_-_a_popul => https://cdn.shopify.com/s/files/1/0554/5253/2790/files/01-adult-portrait_df99485
[card] best-large-dog-breeds.json -> bernese-mountain-dog: https://upload.wikimedia.org/wikipedia/commons/thumb/c/cc/3-BerneseMountainDogIn => https://cdn.shopify.com/s/files/1/0554/5253/2790/files/01-adult-portrait_9ad49b1
[card] best-large-dog-breeds.json -> akita: https://upload.wikimedia.org/wikipedia/commons/a/af/Akita_Collage.png => https://cdn.shopify.com/s/files/1/0554/5253/2790/files/01-adult-portrait_00170be
[card] best-large-dog-breeds.json -> rottweiler: https://upload.wikimedia.org/wikipedia/commons/2/26/Rottweiler_standing_facing_l => https://cdn.shopify.com/s/files/1/0554/5253/2790/files/01-adult-portrait_cb44dd2
[card] best-large-dog-breeds.json -> german-shepherd-dog: https://upload.wikimedia.org/wikipedia/commons/d/d0/German_Shepherd_-_DSC_0346_% => https://cdn.shopify.com/s/files/1/0554/5253/2790/files/01-adult-portrait_4913c9f
[card] best-large-dog-breeds.json -> doberman-pinscher: https://upload.wikimedia.org/wikipedia/commons/thumb/a/ac/Dobermann_handling.jpg => https://cdn.shopify.com/s/files/1/0554/5253/2790/files/01-adult-portrait_2f8c891
[card] best-large-dog-breeds.json -> labrador-retriever: https://upload.wikimedia.org/wikipedia/commons/thumb/3/34/Labrador_on_Quantock_% => https://cdn.shopify.com/s/files/1/0554/5253/2790/files/01-adult-portrait_e3c0700
[card] best-non-sporting-dog-breeds.json -> bulldog: https://upload.wikimedia.org/wikipedia/commons/b/bf/Bulldog_inglese.jpg => https://cdn.shopify.com/s/files/1/0554/5253/2790/files/01-adult-portrait_e7a6da9
[card] best-non-sporting-dog-breeds.json -> standard-poodle: https://upload.wikimedia.org/wikipedia/commons/thumb/f/f8/Full_attention_%288067 => https://cdn.shopify.com/s/files/1/0554/5253/2790/files/01-adult-portrait_e07879b
[card] best-non-sporting-dog-breeds.json -> dalmatian: https://upload.wikimedia.org/wikipedia/commons/6/68/Sun_Dog_Dalmatian.jpg => https://cdn.shopify.com/s/files/1/0554/5253/2790/files/01-adult-portrait_33b3c67
[card] best-non-sporting-dog-breeds.json -> chow-chow: https://upload.wikimedia.org/wikipedia/commons/thumb/0/0e/Chow-chow_in_Tallinn.J => https://cdn.shopify.com/s/files/1/0554/5253/2790/files/01-adult-portrait_ac8c33b
[card] best-non-sporting-dog-breeds.json -> shiba-inu: https://upload.wikimedia.org/wikipedia/commons/6/6b/Taka_Shiba.jpg => https://cdn.shopify.com/s/files/1/0554/5253/2790/files/01-adult-portrait_bb1c5b0
[card] best-non-sporting-dog-breeds.json -> boston-terrier: https://upload.wikimedia.org/wikipedia/commons/thumb/d/d7/Boston-terrier-carlos- => https://cdn.shopify.com/s/files/1/0554/5253/2790/files/01-adult-portrait_3d63e93
[card] best-non-sporting-dog-breeds.json -> keeshond: https://upload.wikimedia.org/wikipedia/commons/2/26/Keeshond_Majic_standing_crop => https://upload.wikimedia.org/wikipedia/commons/thumb/2/26/Keeshond_Majic_standin
[card] best-non-sporting-dog-breeds.json -> schipperke: https://upload.wikimedia.org/wikipedia/commons/thumb/0/04/Schipperke_photo.jpg/3 => https://upload.wikimedia.org/wikipedia/commons/thumb/5/58/Schipperke0001.jpg/120
[card] best-non-sporting-dog-breeds.json -> american-eskimo-dog: https://upload.wikimedia.org/wikipedia/commons/thumb/f/fe/American_Eskimo_Dog_1. => https://upload.wikimedia.org/wikipedia/commons/thumb/f/fe/American_Eskimo_Dog_1.
[card] best-non-sporting-dog-breeds.json -> tibetan-spaniel: https://upload.wikimedia.org/wikipedia/commons/thumb/b/b4/Tibetan_Spaniel_600.jp => https://upload.wikimedia.org/wikipedia/commons/thumb/3/38/Tibetansk_spaniel.jpg/
[card] best-small-dog-breeds.json -> chihuahua: https://upload.wikimedia.org/wikipedia/commons/4/4c/Chihuahua1_bvdb.jpg => https://cdn.shopify.com/s/files/1/0554/5253/2790/files/01-adult-portrait_d2243a8
[card] best-small-dog-breeds.json -> french-bulldog: https://upload.wikimedia.org/wikipedia/commons/1/18/2008-07-28_Dog_at_Frolick_Fi => https://cdn.shopify.com/s/files/1/0554/5253/2790/files/01-adult-portrait_89bf4fb
[card] best-small-dog-breeds.json -> pomeranian: https://upload.wikimedia.org/wikipedia/commons/c/ca/Pomeranian.JPG => https://cdn.shopify.com/s/files/1/0554/5253/2790/files/01-adult-portrait_f6ec91b
[card] best-small-dog-breeds.json -> yorkshire-terrier: https://upload.wikimedia.org/wikipedia/commons/4/41/%282_version%29_Grupp_3%2C_Y => https://cdn.shopify.com/s/files/1/0554/5253/2790/files/01-adult-portrait_4c6f5ec
[card] best-small-dog-breeds.json -> shih-tzu: https://upload.wikimedia.org/wikipedia/commons/d/df/Shihtzu_%28cropped%29.jpg => https://cdn.shopify.com/s/files/1/0554/5253/2790/files/01-adult-portrait_a345cc2
[card] best-small-dog-breeds.json -> cavalier-king-charles-spaniel: https://upload.wikimedia.org/wikipedia/commons/5/5f/CarterBIS.Tiki.13.6.09.jpg => https://cdn.shopify.com/s/files/1/0554/5253/2790/files/01-adult-portrait_d1ba681
[card] best-small-dog-breeds.json -> maltese: https://upload.wikimedia.org/wikipedia/commons/9/94/Maltese_600.jpg => https://cdn.shopify.com/s/files/1/0554/5253/2790/files/01-adult-portrait_52b2e29
[card] best-small-dog-breeds.json -> pug: https://upload.wikimedia.org/wikipedia/commons/f/f3/Mops-duke-mopszucht-vom-maeg => https://cdn.shopify.com/s/files/1/0554/5253/2790/files/01-adult-portrait_652114a
[card] best-small-dog-breeds.json -> boston-terrier: https://upload.wikimedia.org/wikipedia/commons/thumb/d/d7/Boston-terrier-carlos- => https://cdn.shopify.com/s/files/1/0554/5253/2790/files/01-adult-portrait_3d63e93
[card] best-small-dog-breeds.json -> papillon: https://upload.wikimedia.org/wikipedia/commons/thumb/a/a0/Papillon_blanche_et_ma => https://upload.wikimedia.org/wikipedia/commons/thumb/3/3b/Papillon-dog-black.jpg
[card] best-sporting-dog-breeds.json -> labrador-retriever: https://upload.wikimedia.org/wikipedia/commons/thumb/3/34/Labrador_on_Quantock_% => https://cdn.shopify.com/s/files/1/0554/5253/2790/files/01-adult-portrait_e3c0700
[card] best-sporting-dog-breeds.json -> golden-retriever: https://upload.wikimedia.org/wikipedia/commons/b/bd/Golden_Retriever_Dukedestiny => https://cdn.shopify.com/s/files/1/0554/5253/2790/files/01-adult-portrait_b80e20f
[card] best-sporting-dog-breeds.json -> english-springer-spaniel: https://upload.wikimedia.org/wikipedia/commons/c/c4/Springer_Spaniel_Wide_Shot.j => https://cdn.shopify.com/s/files/1/0554/5253/2790/files/01-adult-portrait_3cd2299
[card] best-sporting-dog-breeds.json -> german-shorthaired-pointer: https://upload.wikimedia.org/wikipedia/commons/3/38/Duitse_staande_korthaar_10-1 => https://cdn.shopify.com/s/files/1/0554/5253/2790/files/01-adult-portrait_7796059
[card] best-sporting-dog-breeds.json -> vizsla: https://upload.wikimedia.org/wikipedia/commons/thumb/f/f9/Hungarian_Vizsla.jpg/1 => https://cdn.shopify.com/s/files/1/0554/5253/2790/files/01-adult-portrait_0bfaf41
[card] best-sporting-dog-breeds.json -> weimaraner: https://upload.wikimedia.org/wikipedia/commons/thumb/5/59/Weimaraner_Freika-2.jp => https://cdn.shopify.com/s/files/1/0554/5253/2790/files/01-adult-portrait_6f02c63
[card] best-sporting-dog-breeds.json -> cocker-spaniel: https://upload.wikimedia.org/wikipedia/commons/2/28/Gessa_d%27Aran_Copo_de_Nieve => https://cdn.shopify.com/s/files/1/0554/5253/2790/files/01-adult-portrait_88e4928
[card] best-sporting-dog-breeds.json -> brittany: https://upload.wikimedia.org/wikipedia/commons/thumb/f/fe/American_Brittany_stan => https://cdn.shopify.com/s/files/1/0554/5253/2790/files/01-adult-portrait_dd81bca
[card] best-sporting-dog-breeds.json -> flat-coated-retriever: https://upload.wikimedia.org/wikipedia/commons/a/aa/Flat_Coated_Retriever_-_blac => https://cdn.shopify.com/s/files/1/0554/5253/2790/files/01-adult-portrait_e6b0ece
[card] best-sporting-dog-breeds.json -> nova-scotia-duck-tolling-retriever: https://upload.wikimedia.org/wikipedia/commons/6/67/Duck_Toller.jpg => https://cdn.shopify.com/s/files/1/0554/5253/2790/files/01-adult-portrait_aa8dd51
[breed-hero-fixed] cairn-terrier: https://upload.wikimedia.org/wikipedia/commons/thumb/b/b0/Cairn-Terrier-Garten1.jpg/330px-Cairn-Terrier-Garten1.jpg -> https://upload.wikimedia.org/wikipedia/commons/thumb/b/b0/Cairn-Terrier-Garten1.jpg/1280px-Cairn-Terrier-Garten1.jpg
[unfixable] wire-fox-terrier: own hero dead (https://upload.wikimedia.org/wikipedia/commons/thumb/b/b7/Elias1%C4%8Derven2006.jpg/330px-Elias1%C4%8Derven2006.jpg) and Wikipedia API gave no usable image
[unfixable] welsh-terrier: own hero dead (https://upload.wikimedia.org/wikipedia/commons/thumb/7/7c/Terier_walijski_suka_2009_pl.jpg/330px-Terier_walijski_suka_2009_pl.jpg) and Wikipedia API gave no usable image
[breed-hero-fixed] norfolk-terrier: https://upload.wikimedia.org/wikipedia/commons/thumb/b/be/Norfolk_terrier_CAC.jpg/330px-Norfolk_terrier_CAC.jpg -> https://upload.wikimedia.org/wikipedia/commons/b/be/Norfolk_terrier_CAC.jpg
[unfixable] lakeland-terrier: own hero dead (https://upload.wikimedia.org/wikipedia/commons/thumb/7/78/Lakeland_Terrier.jpg/330px-Lakeland_Terrier.jpg) and Wikipedia API gave no usable image
[card] best-terrier-breeds.json -> airedale-terrier: https://upload.wikimedia.org/wikipedia/commons/5/52/Airedale_Terrier.jpg => https://upload.wikimedia.org/wikipedia/commons/thumb/5/52/Airedale_Terrier.jpg/1
[card] best-terrier-breeds.json -> scottish-terrier: https://upload.wikimedia.org/wikipedia/commons/0/07/Scottish_Terrier_Photo_of_Fa => https://upload.wikimedia.org/wikipedia/commons/thumb/0/07/Scottish_Terrier_Photo
[card] best-terrier-breeds.json -> west-highland-white-terrier: https://upload.wikimedia.org/wikipedia/commons/2/2c/West_Highland_White_Terrier_ => https://cdn.shopify.com/s/files/1/0554/5253/2790/files/01-adult-portrait_143b478
[card] best-terrier-breeds.json -> bull-terrier: https://upload.wikimedia.org/wikipedia/commons/thumb/4/4c/Bullterrier-3453301920 => https://cdn.shopify.com/s/files/1/0554/5253/2790/files/01-adult-portrait_9965212
[card] best-terrier-breeds.json -> cairn-terrier: https://upload.wikimedia.org/wikipedia/commons/thumb/b/b0/Cairn-Terrier-Garten1. => https://upload.wikimedia.org/wikipedia/commons/thumb/b/b0/Cairn-Terrier-Garten1.
[card] best-terrier-breeds.json -> norfolk-terrier: https://upload.wikimedia.org/wikipedia/commons/b/be/Norfolk_terrier_CAC.jpg => https://upload.wikimedia.org/wikipedia/commons/thumb/b/be/Norfolk_terrier_CAC.jp
[card] best-terrier-breeds.json -> kerry-blue-terrier: https://upload.wikimedia.org/wikipedia/commons/thumb/f/f4/Kerry_Blue_Terrier.jpg => https://upload.wikimedia.org/wikipedia/commons/thumb/f/f4/Kerry_Blue_Terrier.jpg
[breed-hero-fixed] miniature-pinscher: https://upload.wikimedia.org/wikipedia/commons/thumb/a/a1/Miniature_pinscher.jpg/330px-Miniature_pinscher.jpg -> https://upload.wikimedia.org/wikipedia/commons/a/a1/Miniature_pinscher.jpg
[unfixable] pekingese: own hero dead (https://upload.wikimedia.org/wikipedia/commons/thumb/2/24/1AKC_Pekingese_Dog_Show_2011.jpg/330px-1AKC_Pekingese_Dog_Show_2011.jpg) and Wikipedia API gave no usable image
[card] best-toy-dog-breeds.json -> chihuahua: https://upload.wikimedia.org/wikipedia/commons/4/4c/Chihuahua1_bvdb.jpg => https://cdn.shopify.com/s/files/1/0554/5253/2790/files/01-adult-portrait_d2243a8
[card] best-toy-dog-breeds.json -> yorkshire-terrier: https://upload.wikimedia.org/wikipedia/commons/4/41/%282_version%29_Grupp_3%2C_Y => https://cdn.shopify.com/s/files/1/0554/5253/2790/files/01-adult-portrait_4c6f5ec
[card] best-toy-dog-breeds.json -> pomeranian: https://upload.wikimedia.org/wikipedia/commons/c/ca/Pomeranian.JPG => https://cdn.shopify.com/s/files/1/0554/5253/2790/files/01-adult-portrait_f6ec91b
[card] best-toy-dog-breeds.json -> pug: https://upload.wikimedia.org/wikipedia/commons/f/f3/Mops-duke-mopszucht-vom-maeg => https://cdn.shopify.com/s/files/1/0554/5253/2790/files/01-adult-portrait_652114a
[card] best-toy-dog-breeds.json -> maltese: https://upload.wikimedia.org/wikipedia/commons/9/94/Maltese_600.jpg => https://cdn.shopify.com/s/files/1/0554/5253/2790/files/01-adult-portrait_52b2e29
[card] best-toy-dog-breeds.json -> havanese: https://upload.wikimedia.org/wikipedia/commons/thumb/e/ed/A_Havanese_judging.jpg => https://cdn.shopify.com/s/files/1/0554/5253/2790/files/01-adult-portrait_f72f8e4
[card] best-toy-dog-breeds.json -> papillon: https://upload.wikimedia.org/wikipedia/commons/thumb/a/a0/Papillon_blanche_et_ma => https://upload.wikimedia.org/wikipedia/commons/thumb/3/3b/Papillon-dog-black.jpg
[card] best-toy-dog-breeds.json -> miniature-pinscher: https://upload.wikimedia.org/wikipedia/commons/thumb/e/e5/Miniature_Pinscher_pho => https://upload.wikimedia.org/wikipedia/commons/thumb/a/a1/Miniature_pinscher.jpg
[card] best-toy-dog-breeds.json -> italian-greyhound: https://upload.wikimedia.org/wikipedia/commons/thumb/5/5d/Italian_Greyhound_stan => https://cdn.shopify.com/s/files/1/0554/5253/2790/files/01-adult-portrait_2742dc6
[card] best-watchdog-breeds.json -> german-shepherd-dog: https://upload.wikimedia.org/wikipedia/commons/d/d0/German_Shepherd_-_DSC_0346_% => https://cdn.shopify.com/s/files/1/0554/5253/2790/files/01-adult-portrait_4913c9f
[card] best-watchdog-breeds.json -> rottweiler: https://upload.wikimedia.org/wikipedia/commons/2/26/Rottweiler_standing_facing_l => https://cdn.shopify.com/s/files/1/0554/5253/2790/files/01-adult-portrait_cb44dd2
[card] best-watchdog-breeds.json -> doberman-pinscher: https://upload.wikimedia.org/wikipedia/commons/thumb/a/ac/Dobermann_handling.jpg => https://cdn.shopify.com/s/files/1/0554/5253/2790/files/01-adult-portrait_2f8c891
[card] best-watchdog-breeds.json -> belgian-malinois: https://upload.wikimedia.org/wikipedia/commons/7/7b/Malinois_Shepherd3.JPG => https://cdn.shopify.com/s/files/1/0554/5253/2790/files/01-adult-portrait_d709838
[card] best-watchdog-breeds.json -> akita: https://upload.wikimedia.org/wikipedia/commons/a/af/Akita_Collage.png => https://cdn.shopify.com/s/files/1/0554/5253/2790/files/01-adult-portrait_00170be
[card] best-watchdog-breeds.json -> bullmastiff: https://upload.wikimedia.org/wikipedia/commons/thumb/8/8e/Bullmastiff_edited2.jp => https://cdn.shopify.com/s/files/1/0554/5253/2790/files/01-adult-portrait_4ef0f31
[card] best-watchdog-breeds.json -> giant-schnauzer: https://upload.wikimedia.org/wikipedia/commons/thumb/7/7b/Nev_Lemar_Barbara1.jpg => https://upload.wikimedia.org/wikipedia/commons/thumb/7/7b/Nev_Lemar_Barbara1.jpg
[card] best-watchdog-breeds.json -> rhodesian-ridgeback: https://upload.wikimedia.org/wikipedia/commons/0/01/Rhodesian_ridgeback.jpg => https://cdn.shopify.com/s/files/1/0554/5253/2790/files/01-adult-portrait_0d89dcc
[card] best-watchdog-breeds.json -> chow-chow: https://upload.wikimedia.org/wikipedia/commons/thumb/0/0e/Chow-chow_in_Tallinn.J => https://cdn.shopify.com/s/files/1/0554/5253/2790/files/01-adult-portrait_ac8c33b
[card] best-watchdog-breeds.json -> bouvier-des-flandres: https://upload.wikimedia.org/wikipedia/commons/thumb/5/5e/Bouvier_des_Flandres_2 => https://upload.wikimedia.org/wikipedia/commons/thumb/7/7f/Bouvier.JPG/1200px-Bou
[card] best-working-dog-breeds.json -> german-shepherd-dog: https://upload.wikimedia.org/wikipedia/commons/d/d0/German_Shepherd_-_DSC_0346_% => https://cdn.shopify.com/s/files/1/0554/5253/2790/files/01-adult-portrait_4913c9f
[card] best-working-dog-breeds.json -> rottweiler: https://upload.wikimedia.org/wikipedia/commons/2/26/Rottweiler_standing_facing_l => https://cdn.shopify.com/s/files/1/0554/5253/2790/files/01-adult-portrait_cb44dd2
[card] best-working-dog-breeds.json -> doberman-pinscher: https://upload.wikimedia.org/wikipedia/commons/thumb/a/ac/Dobermann_handling.jpg => https://cdn.shopify.com/s/files/1/0554/5253/2790/files/01-adult-portrait_2f8c891
[card] best-working-dog-breeds.json -> boxer: https://upload.wikimedia.org/wikipedia/commons/thumb/6/6f/Male_fawn_Boxer_undock => https://cdn.shopify.com/s/files/1/0554/5253/2790/files/01-adult-portrait_309fd0a
[card] best-working-dog-breeds.json -> great-dane: https://upload.wikimedia.org/wikipedia/commons/thumb/e/e0/Dog_niemiecki_%C5%BC%C => https://cdn.shopify.com/s/files/1/0554/5253/2790/files/01-adult-portrait_57f64e6
[card] best-working-dog-breeds.json -> mastiff: https://upload.wikimedia.org/wikipedia/commons/thumb/7/76/The_dog_book_-_a_popul => https://cdn.shopify.com/s/files/1/0554/5253/2790/files/01-adult-portrait_df99485
[card] best-working-dog-breeds.json -> saint-bernard: https://upload.wikimedia.org/wikipedia/commons/thumb/6/64/Hummel_Vedor_vd_Roband => https://cdn.shopify.com/s/files/1/0554/5253/2790/files/01-adult-portrait_7a87f5b
[card] best-working-dog-breeds.json -> bernese-mountain-dog: https://upload.wikimedia.org/wikipedia/commons/thumb/c/cc/3-BerneseMountainDogIn => https://cdn.shopify.com/s/files/1/0554/5253/2790/files/01-adult-portrait_9ad49b1
[card] best-working-dog-breeds.json -> great-pyrenees: https://upload.wikimedia.org/wikipedia/commons/thumb/0/02/Great_Pyrenees_Mountai => https://cdn.shopify.com/s/files/1/0554/5253/2790/files/01-adult-portrait_fc60fab
[card] best-working-dog-breeds.json -> cane-corso: https://upload.wikimedia.org/wikipedia/commons/0/03/Cane_corso_temi_1_1024x768x2 => https://cdn.shopify.com/s/files/1/0554/5253/2790/files/01-adult-portrait_a2be4a9
[card] dog-breeds-by-group.json -> golden-retriever: https://upload.wikimedia.org/wikipedia/commons/b/bd/Golden_Retriever_Dukedestiny => https://cdn.shopify.com/s/files/1/0554/5253/2790/files/01-adult-portrait_b80e20f
[card] dog-breeds-by-group.json -> labrador-retriever: https://upload.wikimedia.org/wikipedia/commons/thumb/3/34/Labrador_on_Quantock_% => https://cdn.shopify.com/s/files/1/0554/5253/2790/files/01-adult-portrait_e3c0700
[card] dog-breeds-by-group.json -> beagle: https://upload.wikimedia.org/wikipedia/commons/5/55/Beagle_600.jpg => https://cdn.shopify.com/s/files/1/0554/5253/2790/files/01-adult-portrait_cd2e0ed
[card] dog-breeds-by-group.json -> greyhound: https://upload.wikimedia.org/wikipedia/commons/e/ef/GraceTheGreyhound.jpg => https://cdn.shopify.com/s/files/1/0554/5253/2790/files/01-adult-portrait_4f40370
[card] dog-breeds-by-group.json -> german-shepherd-dog: https://upload.wikimedia.org/wikipedia/commons/d/d0/German_Shepherd_-_DSC_0346_% => https://cdn.shopify.com/s/files/1/0554/5253/2790/files/01-adult-portrait_4913c9f
[card] dog-breeds-by-group.json -> rottweiler: https://upload.wikimedia.org/wikipedia/commons/2/26/Rottweiler_standing_facing_l => https://cdn.shopify.com/s/files/1/0554/5253/2790/files/01-adult-portrait_cb44dd2
[card] dog-breeds-by-group.json -> airedale-terrier: https://upload.wikimedia.org/wikipedia/commons/5/52/Airedale_Terrier.jpg => https://upload.wikimedia.org/wikipedia/commons/thumb/5/52/Airedale_Terrier.jpg/1
[card] dog-breeds-by-group.json -> west-highland-white-terrier: https://upload.wikimedia.org/wikipedia/commons/2/2c/West_Highland_White_Terrier_ => https://cdn.shopify.com/s/files/1/0554/5253/2790/files/01-adult-portrait_143b478
[card] dog-breeds-by-group.json -> chihuahua: https://upload.wikimedia.org/wikipedia/commons/4/4c/Chihuahua1_bvdb.jpg => https://cdn.shopify.com/s/files/1/0554/5253/2790/files/01-adult-portrait_d2243a8
[card] dog-breeds-by-group.json -> yorkshire-terrier: https://upload.wikimedia.org/wikipedia/commons/4/41/%282_version%29_Grupp_3%2C_Y => https://cdn.shopify.com/s/files/1/0554/5253/2790/files/01-adult-portrait_4c6f5ec
[card] dog-breeds-by-group.json -> bulldog: https://upload.wikimedia.org/wikipedia/commons/b/bf/Bulldog_inglese.jpg => https://cdn.shopify.com/s/files/1/0554/5253/2790/files/01-adult-portrait_e7a6da9
[card] dog-breeds-by-group.json -> standard-poodle: https://upload.wikimedia.org/wikipedia/commons/thumb/f/f8/Full_attention_%288067 => https://cdn.shopify.com/s/files/1/0554/5253/2790/files/01-adult-portrait_e07879b
[card] dog-breeds-by-group.json -> border-collie: https://upload.wikimedia.org/wikipedia/commons/e/e4/Border_Collie_600.jpg => https://cdn.shopify.com/s/files/1/0554/5253/2790/files/01-adult-portrait_9c1274b
[card] dog-breeds-by-group.json -> australian-shepherd: https://upload.wikimedia.org/wikipedia/commons/thumb/8/80/Australian_Shepherd_re => https://cdn.shopify.com/s/files/1/0554/5253/2790/files/01-adult-portrait_077f2c3
[card] dog-breeds-by-size.json -> great-dane: https://upload.wikimedia.org/wikipedia/commons/thumb/e/e0/Dog_niemiecki_%C5%BC%C => https://cdn.shopify.com/s/files/1/0554/5253/2790/files/01-adult-portrait_57f64e6
[card] dog-breeds-by-size.json -> mastiff: https://upload.wikimedia.org/wikipedia/commons/thumb/7/76/The_dog_book_-_a_popul => https://cdn.shopify.com/s/files/1/0554/5253/2790/files/01-adult-portrait_df99485
[card] dog-breeds-by-size.json -> labrador-retriever: https://upload.wikimedia.org/wikipedia/commons/thumb/3/34/Labrador_on_Quantock_% => https://cdn.shopify.com/s/files/1/0554/5253/2790/files/01-adult-portrait_e3c0700
[card] dog-breeds-by-size.json -> german-shepherd-dog: https://upload.wikimedia.org/wikipedia/commons/d/d0/German_Shepherd_-_DSC_0346_% => https://cdn.shopify.com/s/files/1/0554/5253/2790/files/01-adult-portrait_4913c9f
[card] dog-breeds-by-size.json -> beagle: https://upload.wikimedia.org/wikipedia/commons/5/55/Beagle_600.jpg => https://cdn.shopify.com/s/files/1/0554/5253/2790/files/01-adult-portrait_cd2e0ed
[card] dog-breeds-by-size.json -> border-collie: https://upload.wikimedia.org/wikipedia/commons/e/e4/Border_Collie_600.jpg => https://cdn.shopify.com/s/files/1/0554/5253/2790/files/01-adult-portrait_9c1274b
[card] dog-breeds-by-size.json -> french-bulldog: https://upload.wikimedia.org/wikipedia/commons/1/18/2008-07-28_Dog_at_Frolick_Fi => https://cdn.shopify.com/s/files/1/0554/5253/2790/files/01-adult-portrait_89bf4fb
[card] dog-breeds-by-size.json -> cocker-spaniel: https://upload.wikimedia.org/wikipedia/commons/2/28/Gessa_d%27Aran_Copo_de_Nieve => https://cdn.shopify.com/s/files/1/0554/5253/2790/files/01-adult-portrait_88e4928
[card] dog-breeds-by-size.json -> chihuahua: https://upload.wikimedia.org/wikipedia/commons/4/4c/Chihuahua1_bvdb.jpg => https://cdn.shopify.com/s/files/1/0554/5253/2790/files/01-adult-portrait_d2243a8
[card] dog-breeds-by-size.json -> yorkshire-terrier: https://upload.wikimedia.org/wikipedia/commons/4/41/%282_version%29_Grupp_3%2C_Y => https://cdn.shopify.com/s/files/1/0554/5253/2790/files/01-adult-portrait_4c6f5ec
[card] dog-breeds-good-with-cats.json -> golden-retriever: https://upload.wikimedia.org/wikipedia/commons/b/bd/Golden_Retriever_Dukedestiny => https://cdn.shopify.com/s/files/1/0554/5253/2790/files/01-adult-portrait_b80e20f
[card] dog-breeds-good-with-cats.json -> labrador-retriever: https://upload.wikimedia.org/wikipedia/commons/thumb/3/34/Labrador_on_Quantock_% => https://cdn.shopify.com/s/files/1/0554/5253/2790/files/01-adult-portrait_e3c0700
[card] dog-breeds-good-with-cats.json -> beagle: https://upload.wikimedia.org/wikipedia/commons/5/55/Beagle_600.jpg => https://cdn.shopify.com/s/files/1/0554/5253/2790/files/01-adult-portrait_cd2e0ed
[card] dog-breeds-good-with-cats.json -> basset-hound: https://upload.wikimedia.org/wikipedia/commons/c/cf/BassetHound_profil.jpg => https://cdn.shopify.com/s/files/1/0554/5253/2790/files/01-adult-portrait_54e63a0
[card] dog-breeds-good-with-cats.json -> cavalier-king-charles-spaniel: https://upload.wikimedia.org/wikipedia/commons/5/5f/CarterBIS.Tiki.13.6.09.jpg => https://cdn.shopify.com/s/files/1/0554/5253/2790/files/01-adult-portrait_d1ba681
[card] dog-breeds-good-with-cats.json -> pug: https://upload.wikimedia.org/wikipedia/commons/f/f3/Mops-duke-mopszucht-vom-maeg => https://cdn.shopify.com/s/files/1/0554/5253/2790/files/01-adult-portrait_652114a
[card] dog-breeds-good-with-cats.json -> havanese: https://upload.wikimedia.org/wikipedia/commons/thumb/e/ed/A_Havanese_judging.jpg => https://cdn.shopify.com/s/files/1/0554/5253/2790/files/01-adult-portrait_f72f8e4
[card] dog-breeds-good-with-cats.json -> maltese: https://upload.wikimedia.org/wikipedia/commons/9/94/Maltese_600.jpg => https://cdn.shopify.com/s/files/1/0554/5253/2790/files/01-adult-portrait_52b2e29
[card] dog-breeds-good-with-cats.json -> bichon-frise: https://upload.wikimedia.org/wikipedia/commons/thumb/9/93/Bichon_Fris%C3%A9_-_st => https://cdn.shopify.com/s/files/1/0554/5253/2790/files/01-adult-portrait_f18b194
[card] dog-breeds-good-with-cats.json -> cocker-spaniel: https://upload.wikimedia.org/wikipedia/commons/2/28/Gessa_d%27Aran_Copo_de_Nieve => https://cdn.shopify.com/s/files/1/0554/5253/2790/files/01-adult-portrait_88e4928
[card] easiest-dogs-to-train.json -> golden-retriever: https://upload.wikimedia.org/wikipedia/commons/b/bd/Golden_Retriever_Dukedestiny => https://cdn.shopify.com/s/files/1/0554/5253/2790/files/01-adult-portrait_b80e20f
[card] easiest-dogs-to-train.json -> labrador-retriever: https://upload.wikimedia.org/wikipedia/commons/thumb/3/34/Labrador_on_Quantock_% => https://cdn.shopify.com/s/files/1/0554/5253/2790/files/01-adult-portrait_e3c0700
[card] easiest-dogs-to-train.json -> border-collie: https://upload.wikimedia.org/wikipedia/commons/e/e4/Border_Collie_600.jpg => https://cdn.shopify.com/s/files/1/0554/5253/2790/files/01-adult-portrait_9c1274b
[card] easiest-dogs-to-train.json -> german-shepherd-dog: https://upload.wikimedia.org/wikipedia/commons/d/d0/German_Shepherd_-_DSC_0346_% => https://cdn.shopify.com/s/files/1/0554/5253/2790/files/01-adult-portrait_4913c9f
[card] easiest-dogs-to-train.json -> australian-shepherd: https://upload.wikimedia.org/wikipedia/commons/thumb/8/80/Australian_Shepherd_re => https://cdn.shopify.com/s/files/1/0554/5253/2790/files/01-adult-portrait_077f2c3
[card] easiest-dogs-to-train.json -> doberman-pinscher: https://upload.wikimedia.org/wikipedia/commons/thumb/a/ac/Dobermann_handling.jpg => https://cdn.shopify.com/s/files/1/0554/5253/2790/files/01-adult-portrait_2f8c891
[card] easiest-dogs-to-train.json -> shetland-sheepdog: https://upload.wikimedia.org/wikipedia/commons/b/b5/Shetland_Sheepdog_sable.jpg => https://cdn.shopify.com/s/files/1/0554/5253/2790/files/01-adult-portrait_54f31fe
[card] easiest-dogs-to-train.json -> papillon: https://upload.wikimedia.org/wikipedia/commons/thumb/a/a0/Papillon_blanche_et_ma => https://upload.wikimedia.org/wikipedia/commons/thumb/3/3b/Papillon-dog-black.jpg
[card] easiest-dogs-to-train.json -> english-springer-spaniel: https://upload.wikimedia.org/wikipedia/commons/c/c4/Springer_Spaniel_Wide_Shot.j => https://cdn.shopify.com/s/files/1/0554/5253/2790/files/01-adult-portrait_3cd2299
[card] easiest-dogs-to-train.json -> standard-poodle: https://upload.wikimedia.org/wikipedia/commons/thumb/f/f8/Full_attention_%288067 => https://cdn.shopify.com/s/files/1/0554/5253/2790/files/01-adult-portrait_e07879b
[card] longest-living-dog-breeds.json -> chihuahua: https://upload.wikimedia.org/wikipedia/commons/4/4c/Chihuahua1_bvdb.jpg => https://cdn.shopify.com/s/files/1/0554/5253/2790/files/01-adult-portrait_d2243a8
[card] longest-living-dog-breeds.json -> dachshund: https://upload.wikimedia.org/wikipedia/commons/b/be/%EB%8B%A5%EC%8A%A4%ED%9B%88% => https://cdn.shopify.com/s/files/1/0554/5253/2790/files/01-adult-portrait_2c099c3
[card] longest-living-dog-breeds.json -> maltese: https://upload.wikimedia.org/wikipedia/commons/9/94/Maltese_600.jpg => https://cdn.shopify.com/s/files/1/0554/5253/2790/files/01-adult-portrait_52b2e29
[card] longest-living-dog-breeds.json -> beagle: https://upload.wikimedia.org/wikipedia/commons/5/55/Beagle_600.jpg => https://cdn.shopify.com/s/files/1/0554/5253/2790/files/01-adult-portrait_cd2e0ed
[card] longest-living-dog-breeds.json -> yorkshire-terrier: https://upload.wikimedia.org/wikipedia/commons/4/41/%282_version%29_Grupp_3%2C_Y => https://cdn.shopify.com/s/files/1/0554/5253/2790/files/01-adult-portrait_4c6f5ec
[card] longest-living-dog-breeds.json -> pomeranian: https://upload.wikimedia.org/wikipedia/commons/c/ca/Pomeranian.JPG => https://cdn.shopify.com/s/files/1/0554/5253/2790/files/01-adult-portrait_f6ec91b
[card] longest-living-dog-breeds.json -> miniature-pinscher: https://upload.wikimedia.org/wikipedia/commons/thumb/e/e5/Miniature_Pinscher_pho => https://upload.wikimedia.org/wikipedia/commons/thumb/a/a1/Miniature_pinscher.jpg
[card] longest-living-dog-breeds.json -> havanese: https://upload.wikimedia.org/wikipedia/commons/thumb/e/ed/A_Havanese_judging.jpg => https://cdn.shopify.com/s/files/1/0554/5253/2790/files/01-adult-portrait_f72f8e4
[card] longest-living-dog-breeds.json -> parson-russell-terrier: https://upload.wikimedia.org/wikipedia/commons/thumb/f/f6/Parson_Russell_Terrier => https://upload.wikimedia.org/wikipedia/commons/thumb/f/fe/05052881_PRT_braun_rau
[card] longest-living-dog-breeds.json -> shih-tzu: https://upload.wikimedia.org/wikipedia/commons/d/df/Shihtzu_%28cropped%29.jpg => https://cdn.shopify.com/s/files/1/0554/5253/2790/files/01-adult-portrait_a345cc2
[card] low-maintenance-dog-breeds.json -> cavalier-king-charles-spaniel: https://upload.wikimedia.org/wikipedia/commons/5/5f/CarterBIS.Tiki.13.6.09.jpg => https://cdn.shopify.com/s/files/1/0554/5253/2790/files/01-adult-portrait_d1ba681
[card] low-maintenance-dog-breeds.json -> basset-hound: https://upload.wikimedia.org/wikipedia/commons/c/cf/BassetHound_profil.jpg => https://cdn.shopify.com/s/files/1/0554/5253/2790/files/01-adult-portrait_54e63a0
[card] low-maintenance-dog-breeds.json -> greyhound: https://upload.wikimedia.org/wikipedia/commons/e/ef/GraceTheGreyhound.jpg => https://cdn.shopify.com/s/files/1/0554/5253/2790/files/01-adult-portrait_4f40370
[card] low-maintenance-dog-breeds.json -> shih-tzu: https://upload.wikimedia.org/wikipedia/commons/d/df/Shihtzu_%28cropped%29.jpg => https://cdn.shopify.com/s/files/1/0554/5253/2790/files/01-adult-portrait_a345cc2
[card] low-maintenance-dog-breeds.json -> bichon-frise: https://upload.wikimedia.org/wikipedia/commons/thumb/9/93/Bichon_Fris%C3%A9_-_st => https://cdn.shopify.com/s/files/1/0554/5253/2790/files/01-adult-portrait_f18b194
[card] low-maintenance-dog-breeds.json -> whippet: https://upload.wikimedia.org/wikipedia/commons/thumb/7/76/Whippet_2018_6.jpg/128 => https://cdn.shopify.com/s/files/1/0554/5253/2790/files/01-adult-portrait_40933de
[card] low-maintenance-dog-breeds.json -> maltese: https://upload.wikimedia.org/wikipedia/commons/9/94/Maltese_600.jpg => https://cdn.shopify.com/s/files/1/0554/5253/2790/files/01-adult-portrait_52b2e29
[card] low-maintenance-dog-breeds.json -> miniature-poodle: https://upload.wikimedia.org/wikipedia/commons/thumb/f/f8/Full_attention_%288067 => https://cdn.shopify.com/s/files/1/0554/5253/2790/files/01-adult-portrait_0f877e0
[card] most-expensive-dog-breeds.json -> tibetan-mastiff: https://upload.wikimedia.org/wikipedia/commons/thumb/c/c1/BIR_Grupp_2-_TIBETANSK => https://cdn.shopify.com/s/files/1/0554/5253/2790/files/01-adult-portrait_970aa34
[card] most-expensive-dog-breeds.json -> chow-chow: https://upload.wikimedia.org/wikipedia/commons/thumb/0/0e/Chow-chow_in_Tallinn.J => https://cdn.shopify.com/s/files/1/0554/5253/2790/files/01-adult-portrait_ac8c33b
[card] most-expensive-dog-breeds.json -> rottweiler: https://upload.wikimedia.org/wikipedia/commons/2/26/Rottweiler_standing_facing_l => https://cdn.shopify.com/s/files/1/0554/5253/2790/files/01-adult-portrait_cb44dd2
[card] most-expensive-dog-breeds.json -> akita: https://upload.wikimedia.org/wikipedia/commons/a/af/Akita_Collage.png => https://cdn.shopify.com/s/files/1/0554/5253/2790/files/01-adult-portrait_00170be
[card] most-expensive-dog-breeds.json -> samoyed: https://upload.wikimedia.org/wikipedia/commons/thumb/1/18/Samojed00.jpg/1280px-S => https://cdn.shopify.com/s/files/1/0554/5253/2790/files/01-adult-portrait_aa1c9c6
[card] most-expensive-dog-breeds.json -> great-dane: https://upload.wikimedia.org/wikipedia/commons/thumb/e/e0/Dog_niemiecki_%C5%BC%C => https://cdn.shopify.com/s/files/1/0554/5253/2790/files/01-adult-portrait_57f64e6
[card] most-expensive-dog-breeds.json -> bernese-mountain-dog: https://upload.wikimedia.org/wikipedia/commons/thumb/c/cc/3-BerneseMountainDogIn => https://cdn.shopify.com/s/files/1/0554/5253/2790/files/01-adult-portrait_9ad49b1
[card] most-expensive-dog-breeds.json -> portuguese-water-dog: https://upload.wikimedia.org/wikipedia/commons/0/09/C%C3%A3o_de_agua_Portugu%C3% => https://cdn.shopify.com/s/files/1/0554/5253/2790/files/01-adult-portrait_ce5fc7d
[card] most-expensive-dog-breeds.json -> irish-wolfhound: https://upload.wikimedia.org/wikipedia/commons/d/da/%282%29_Irish_Wolfhound_4.jp => https://cdn.shopify.com/s/files/1/0554/5253/2790/files/01-adult-portrait_3d58ded
[card] most-expensive-dog-breeds.json -> cane-corso: https://upload.wikimedia.org/wikipedia/commons/0/03/Cane_corso_temi_1_1024x768x2 => https://cdn.shopify.com/s/files/1/0554/5253/2790/files/01-adult-portrait_a2be4a9
[card] most-intelligent-dog-breeds.json -> border-collie: https://upload.wikimedia.org/wikipedia/commons/e/e4/Border_Collie_600.jpg => https://cdn.shopify.com/s/files/1/0554/5253/2790/files/01-adult-portrait_9c1274b
[card] most-intelligent-dog-breeds.json -> standard-poodle: https://upload.wikimedia.org/wikipedia/commons/thumb/f/f8/Full_attention_%288067 => https://cdn.shopify.com/s/files/1/0554/5253/2790/files/01-adult-portrait_e07879b
[card] most-intelligent-dog-breeds.json -> german-shepherd-dog: https://upload.wikimedia.org/wikipedia/commons/d/d0/German_Shepherd_-_DSC_0346_% => https://cdn.shopify.com/s/files/1/0554/5253/2790/files/01-adult-portrait_4913c9f
[card] most-intelligent-dog-breeds.json -> golden-retriever: https://upload.wikimedia.org/wikipedia/commons/b/bd/Golden_Retriever_Dukedestiny => https://cdn.shopify.com/s/files/1/0554/5253/2790/files/01-adult-portrait_b80e20f
[card] most-intelligent-dog-breeds.json -> doberman-pinscher: https://upload.wikimedia.org/wikipedia/commons/thumb/a/ac/Dobermann_handling.jpg => https://cdn.shopify.com/s/files/1/0554/5253/2790/files/01-adult-portrait_2f8c891
[card] most-intelligent-dog-breeds.json -> shetland-sheepdog: https://upload.wikimedia.org/wikipedia/commons/b/b5/Shetland_Sheepdog_sable.jpg => https://cdn.shopify.com/s/files/1/0554/5253/2790/files/01-adult-portrait_54f31fe
[card] most-intelligent-dog-breeds.json -> labrador-retriever: https://upload.wikimedia.org/wikipedia/commons/thumb/3/34/Labrador_on_Quantock_% => https://cdn.shopify.com/s/files/1/0554/5253/2790/files/01-adult-portrait_e3c0700
[card] most-intelligent-dog-breeds.json -> papillon: https://upload.wikimedia.org/wikipedia/commons/thumb/a/a0/Papillon_blanche_et_ma => https://upload.wikimedia.org/wikipedia/commons/thumb/3/3b/Papillon-dog-black.jpg
[card] most-intelligent-dog-breeds.json -> rottweiler: https://upload.wikimedia.org/wikipedia/commons/2/26/Rottweiler_standing_facing_l => https://cdn.shopify.com/s/files/1/0554/5253/2790/files/01-adult-portrait_cb44dd2
[card] most-intelligent-dog-breeds.json -> australian-cattle-dog: https://upload.wikimedia.org/wikipedia/commons/c/cc/ACD-blue-spud.jpg => https://cdn.shopify.com/s/files/1/0554/5253/2790/files/01-adult-portrait_cc75145
[card] most-loyal-dog-breeds.json -> german-shepherd-dog: https://upload.wikimedia.org/wikipedia/commons/d/d0/German_Shepherd_-_DSC_0346_% => https://cdn.shopify.com/s/files/1/0554/5253/2790/files/01-adult-portrait_4913c9f
[card] most-loyal-dog-breeds.json -> golden-retriever: https://upload.wikimedia.org/wikipedia/commons/b/bd/Golden_Retriever_Dukedestiny => https://cdn.shopify.com/s/files/1/0554/5253/2790/files/01-adult-portrait_b80e20f
[card] most-loyal-dog-breeds.json -> labrador-retriever: https://upload.wikimedia.org/wikipedia/commons/thumb/3/34/Labrador_on_Quantock_% => https://cdn.shopify.com/s/files/1/0554/5253/2790/files/01-adult-portrait_e3c0700
[card] most-loyal-dog-breeds.json -> rottweiler: https://upload.wikimedia.org/wikipedia/commons/2/26/Rottweiler_standing_facing_l => https://cdn.shopify.com/s/files/1/0554/5253/2790/files/01-adult-portrait_cb44dd2
[card] most-loyal-dog-breeds.json -> doberman-pinscher: https://upload.wikimedia.org/wikipedia/commons/thumb/a/ac/Dobermann_handling.jpg => https://cdn.shopify.com/s/files/1/0554/5253/2790/files/01-adult-portrait_2f8c891
[card] most-loyal-dog-breeds.json -> collie: https://upload.wikimedia.org/wikipedia/commons/6/6c/1Dog-rough-collie-portrait.j => https://cdn.shopify.com/s/files/1/0554/5253/2790/files/01-adult-portrait_1e0b770
[card] most-loyal-dog-breeds.json -> akita: https://upload.wikimedia.org/wikipedia/commons/a/af/Akita_Collage.png => https://cdn.shopify.com/s/files/1/0554/5253/2790/files/01-adult-portrait_00170be
[card] most-loyal-dog-breeds.json -> great-pyrenees: https://upload.wikimedia.org/wikipedia/commons/thumb/0/02/Great_Pyrenees_Mountai => https://cdn.shopify.com/s/files/1/0554/5253/2790/files/01-adult-portrait_fc60fab
[card] most-loyal-dog-breeds.json -> boxer: https://upload.wikimedia.org/wikipedia/commons/thumb/6/6f/Male_fawn_Boxer_undock => https://cdn.shopify.com/s/files/1/0554/5253/2790/files/01-adult-portrait_309fd0a
[card] most-loyal-dog-breeds.json -> shetland-sheepdog: https://upload.wikimedia.org/wikipedia/commons/b/b5/Shetland_Sheepdog_sable.jpg => https://cdn.shopify.com/s/files/1/0554/5253/2790/files/01-adult-portrait_54f31fe
[card] most-popular-dog-breeds.json -> french-bulldog: https://upload.wikimedia.org/wikipedia/commons/1/18/2008-07-28_Dog_at_Frolick_Fi => https://cdn.shopify.com/s/files/1/0554/5253/2790/files/01-adult-portrait_89bf4fb
[card] most-popular-dog-breeds.json -> labrador-retriever: https://upload.wikimedia.org/wikipedia/commons/thumb/3/34/Labrador_on_Quantock_% => https://cdn.shopify.com/s/files/1/0554/5253/2790/files/01-adult-portrait_e3c0700
[card] most-popular-dog-breeds.json -> golden-retriever: https://upload.wikimedia.org/wikipedia/commons/b/bd/Golden_Retriever_Dukedestiny => https://cdn.shopify.com/s/files/1/0554/5253/2790/files/01-adult-portrait_b80e20f
[card] most-popular-dog-breeds.json -> german-shepherd-dog: https://upload.wikimedia.org/wikipedia/commons/d/d0/German_Shepherd_-_DSC_0346_% => https://cdn.shopify.com/s/files/1/0554/5253/2790/files/01-adult-portrait_4913c9f
[card] most-popular-dog-breeds.json -> bulldog: https://upload.wikimedia.org/wikipedia/commons/b/bf/Bulldog_inglese.jpg => https://cdn.shopify.com/s/files/1/0554/5253/2790/files/01-adult-portrait_e7a6da9
[card] most-popular-dog-breeds.json -> standard-poodle: https://upload.wikimedia.org/wikipedia/commons/thumb/f/f8/Full_attention_%288067 => https://cdn.shopify.com/s/files/1/0554/5253/2790/files/01-adult-portrait_e07879b
[card] most-popular-dog-breeds.json -> beagle: https://upload.wikimedia.org/wikipedia/commons/5/55/Beagle_600.jpg => https://cdn.shopify.com/s/files/1/0554/5253/2790/files/01-adult-portrait_cd2e0ed
[card] most-popular-dog-breeds.json -> rottweiler: https://upload.wikimedia.org/wikipedia/commons/2/26/Rottweiler_standing_facing_l => https://cdn.shopify.com/s/files/1/0554/5253/2790/files/01-adult-portrait_cb44dd2
[card] most-popular-dog-breeds.json -> german-shorthaired-pointer: https://upload.wikimedia.org/wikipedia/commons/3/38/Duitse_staande_korthaar_10-1 => https://cdn.shopify.com/s/files/1/0554/5253/2790/files/01-adult-portrait_7796059
[card] most-popular-dog-breeds.json -> dachshund: https://upload.wikimedia.org/wikipedia/commons/b/be/%EB%8B%A5%EC%8A%A4%ED%9B%88% => https://cdn.shopify.com/s/files/1/0554/5253/2790/files/01-adult-portrait_2c099c3
[card] quietest-dog-breeds.json -> basenji: https://upload.wikimedia.org/wikipedia/commons/c/c5/Basenji_Profile_%28loosercro => https://cdn.shopify.com/s/files/1/0554/5253/2790/files/01-adult-portrait_5fc378e
[card] quietest-dog-breeds.json -> greyhound: https://upload.wikimedia.org/wikipedia/commons/e/ef/GraceTheGreyhound.jpg => https://cdn.shopify.com/s/files/1/0554/5253/2790/files/01-adult-portrait_4f40370
[card] quietest-dog-breeds.json -> shih-tzu: https://upload.wikimedia.org/wikipedia/commons/d/df/Shihtzu_%28cropped%29.jpg => https://cdn.shopify.com/s/files/1/0554/5253/2790/files/01-adult-portrait_a345cc2
[card] quietest-dog-breeds.json -> cavalier-king-charles-spaniel: https://upload.wikimedia.org/wikipedia/commons/5/5f/CarterBIS.Tiki.13.6.09.jpg => https://cdn.shopify.com/s/files/1/0554/5253/2790/files/01-adult-portrait_d1ba681
[card] quietest-dog-breeds.json -> whippet: https://upload.wikimedia.org/wikipedia/commons/thumb/7/76/Whippet_2018_6.jpg/128 => https://cdn.shopify.com/s/files/1/0554/5253/2790/files/01-adult-portrait_40933de
[card] quietest-dog-breeds.json -> italian-greyhound: https://upload.wikimedia.org/wikipedia/commons/thumb/5/5d/Italian_Greyhound_stan => https://cdn.shopify.com/s/files/1/0554/5253/2790/files/01-adult-portrait_2742dc6
[card] quietest-dog-breeds.json -> bernese-mountain-dog: https://upload.wikimedia.org/wikipedia/commons/thumb/c/cc/3-BerneseMountainDogIn => https://cdn.shopify.com/s/files/1/0554/5253/2790/files/01-adult-portrait_9ad49b1
[card] quietest-dog-breeds.json -> great-dane: https://upload.wikimedia.org/wikipedia/commons/thumb/e/e0/Dog_niemiecki_%C5%BC%C => https://cdn.shopify.com/s/files/1/0554/5253/2790/files/01-adult-portrait_57f64e6
[card] quietest-dog-breeds.json -> maltese: https://upload.wikimedia.org/wikipedia/commons/9/94/Maltese_600.jpg => https://cdn.shopify.com/s/files/1/0554/5253/2790/files/01-adult-portrait_52b2e29
[card] quietest-dog-breeds.json -> newfoundland: https://upload.wikimedia.org/wikipedia/commons/a/a5/Newfoundland_dog_Smoky.jpg => https://cdn.shopify.com/s/files/1/0554/5253/2790/files/01-adult-portrait_2df2100
[unfixable] skye-terrier: own hero dead (https://upload.wikimedia.org/wikipedia/commons/thumb/6/61/Skye_terrier_800.jpg/330px-Skye_terrier_800.jpg) and Wikipedia API gave no usable image
[breed-hero-fixed] finnish-spitz: https://upload.wikimedia.org/wikipedia/commons/thumb/2/27/Finnish_Spitz_600.jpg/330px-Finnish_Spitz_600.jpg -> https://upload.wikimedia.org/wikipedia/commons/2/27/Finnish_Spitz_600.jpg
[card] rarest-dog-breeds.json -> otterhound: https://upload.wikimedia.org/wikipedia/commons/5/5f/Two_otterhounds.jpg => https://upload.wikimedia.org/wikipedia/commons/thumb/5/5f/Two_otterhounds.jpg/12
[card] rarest-dog-breeds.json -> norwegian-elkhound: https://upload.wikimedia.org/wikipedia/commons/3/32/Elkhound2020_%28cropped%29.j => https://cdn.shopify.com/s/files/1/0554/5253/2790/files/01-adult-portrait_785c3b3
[card] rarest-dog-breeds.json -> komondor: https://upload.wikimedia.org/wikipedia/commons/8/8b/Komondor_delvin.jpg => https://upload.wikimedia.org/wikipedia/commons/thumb/8/8b/Komondor_delvin.jpg/12
[card] rarest-dog-breeds.json -> xoloitzcuintli: https://upload.wikimedia.org/wikipedia/commons/thumb/b/bb/BIR_Grupp_5-_MEXIKANSK => https://upload.wikimedia.org/wikipedia/commons/thumb/b/bb/BIR_Grupp_5-_MEXIKANSK
[card] rarest-dog-breeds.json -> pharaoh-hound: https://upload.wikimedia.org/wikipedia/commons/thumb/5/51/Pies_faraona_e34.jpg/1 => https://cdn.shopify.com/s/files/1/0554/5253/2790/files/01-adult-portrait_0127bc4
[card] rarest-dog-breeds.json -> ibizan-hound: https://upload.wikimedia.org/wikipedia/commons/e/ef/Podenco_z_ibizy_645.jpg => https://cdn.shopify.com/s/files/1/0554/5253/2790/files/01-adult-portrait_0e2ad79
[card] rarest-dog-breeds.json -> american-water-spaniel: https://upload.wikimedia.org/wikipedia/commons/5/5a/Chien_d%27eau_americain_cham => https://cdn.shopify.com/s/files/1/0554/5253/2790/files/01-adult-portrait_8baba60
[card] rarest-dog-breeds.json -> harrier: https://upload.wikimedia.org/wikipedia/commons/thumb/b/b7/Harrier_Hound_-Pedigre => https://cdn.shopify.com/s/files/1/0554/5253/2790/files/01-adult-portrait_ce08573
[card] rarest-dog-breeds.json -> finnish-spitz: https://upload.wikimedia.org/wikipedia/commons/thumb/3/33/Finnish_Spitz_Aske.JPG => https://upload.wikimedia.org/wikipedia/commons/thumb/2/27/Finnish_Spitz_600.jpg/
=== Summary ===
Roundups scanned:        35
Roundups changed:        35
Card thumbs replaced:    334
Breed JSON heroes fixed: 4
Mode:                    APPLY
